═══ widen_cert — Terrain Instrument FX WIDEN (chain kind 10, SYN_WID_) ═══
    6 Types x 8 Characters x 6 Fields · engine TerrainWidenFx.h
    MUTATION: WIDEN_MUT_APCLAMP

[A — ROSTER + CARDINALITY (the fb373 contract this device must be wired to)]
  ok    kNumTypes == 6 live                                  6
  ok    kNumTypeSlots == 8 (2 reserved, choice cardinality frozen at birth) 8
  ok    kNumChars == 8 for EVERY Type (read back on the /7 scale, clamp per Type) 8
  ok    every Type x Character name is non-empty             Throng Twin Steady Twofold Blur Bands 
  ok    charNames clamps out-of-range Type                   Coarse
  ok    Field axis is NOT `Type` (CONTRACT R6)               Straight Alternate Orbit Swap Side Only Gather 
      (the Character list is EMPTY, and that is a measurement — see §J)
  ok    mono manifest is declared, not hidden — and §J checks every entry Fields: Orbit Side Only · Types: Twin Twofold Blur · Chars: 

[B — THE CONTROL NUMBERS (every metric through a BYPASSED engine first)]
  CONTROL  corr +1.000 · side/mid -227.8 dB · flux 23.52 · chan ripple 0.0 dB · echo peaks 49 · mono dev 0.00 dB
  ok    bypass is bit-transparent (Mix 0)                    +0.0000 dB
  ok    bypass correlation reads +1.000 (the probe is mono)  +1.00000
  ok    bypass flux is the FLOOR every Type is read against  23.521

[C — TYPE DISCRIMINATORS + the cross-type distinctness matrix]
      every column below is measured on the OUTPUT SAMPLES. `fmEng` and `share` are
      the modulation spectrum of the output's own complex envelope; `cents` and
      `carrier` are read off its magnitude spectrum. Nothing here reads viz().
      Type        corr side/mid   flux   share pitchMv   ripple  echo monoDev   cents carrier
      Throng    +0.214     -1.9  44.71   0.349   50.77     15.7    40    4.03    99.4   0.500
      Twin      -0.893     12.5  49.49   0.304   49.45     30.2    52    7.11   163.9   0.082
      Steady    +0.280     -2.5  46.58   0.174   19.74     13.0    35    4.36   144.3   0.212
      Twofold   +0.535     -5.1  39.39   0.147   87.89     21.5    10    7.32    50.6   0.766
      Blur      -0.291      2.6  22.54   0.510    1.90      2.5    49    5.63     4.2   1.000
      Bands     -0.061      0.5  27.37   0.293    0.12      8.0    49    0.00     1.7   1.000
  ok    Throng  — the detune IS the motion (sweeping copies) detune spread 99 cents · pitch motion 50.8 cents = 0.51 of it
  ok    Twin   — a WIDE field with a CONSTANT detune (carrier vacated) side/mid +12.5 dB · detune spread 164 cents · carrier mass 0.082
  ok    Steady — the detune is a fixed OFFSET, not a sweep detune spread 144 cents · pitch motion 19.7 cents = 0.14 of it
  ok    Twofold— APERIODIC motion + the most distinct echoes one-line share 0.147 (Throng 0.349) · detune spread 51 cents
  ok    Blur/Bands — PHASE-ONLY: the carrier is never shifted at all carrier mass Blur 1.000 / Bands 1.000
  ok    Blur   — per-channel magnitude FLAT (allpass, by construction) chan ripple 2.54 dB (control 0.00 dB)
  ok    Bands  — per-channel magnitude TORN (the anti-Blur) chan ripple 8.0 dB vs Blur 2.5 dB

      cross-type distinctness — RANGE-normalised L2 (reported, not gated):
              Throng    Twin  Steady Twofold    Blur   Bands
      Throng    0.00    1.49    0.75    1.24    1.53    1.38
      Twin      1.49    0.00    1.54    2.16    2.26    2.32
      Steady    0.75    1.54    0.00    1.43    1.92    1.66
      Twofold    1.24    2.16    1.43    0.00    2.10    1.97
      Blur      1.53    2.26    1.92    2.10    0.00    1.03
      Bands     1.38    2.32    1.66    1.97    1.03    0.00
      (range-normalised closest pair: Throng/Steady at 0.75)

      cross-type distinctness — PERCEPTUAL L2 (the gate; 1.0 = one audible step):
              Throng    Twin  Steady Twofold    Blur   Bands
      Throng    0.00    6.18    2.59    4.94    6.44    5.88
      Twin      6.18    0.00    6.07    9.09   11.11   10.68
      Steady    2.59    6.07    0.00    6.19    8.17    7.81
      Twofold    4.94    9.09    6.19    0.00    7.90    7.35
      Blur      6.44   11.11    8.17    7.90    0.00    2.58
      Bands     5.88   10.68    7.81    7.35    2.58    0.00
  ok    every Type pair separated by >= 1.0 audible step (perceptual L2) closest pair Blur/Bands at 2.58
  ok    the closest pair still differs >= 2x on a stated discriminator Bands chan ripple 8.0 dB vs Blur 2.5 dB

[D — THE DIMENSION TELL: the triangle holds its detune, a sine does not]
      The pitch offset IS the delay slope. For a TRIANGLE the slope is a SQUARE
      wave: the detune sits at exactly +-c and only flips sign at the apexes. For a
      SINE the slope is a sine, whose value distribution is the ARCSINE law, so the
      detune sweeps continuously through every value including zero. Closed-form
      predictions for a sine, which is what makes this a real test and not a
      threshold: P(|c| > 0.8 peak) = 1 - (2/pi)asin(0.8) = 0.410 and
      P(|c| < 0.1 peak) = (2/pi)asin(0.1) = 0.064. A flat-topped trapezoid — the
      shape an earlier draft of the bible specced — would drive the SECOND number
      toward its flat-top duty cycle, i.e. the detune would periodically DROP OUT.
      TRIANGLE (Two Line)  peak  120.0 cents · mass at |c|>0.8pk 0.988 · at |c|<0.1pk 0.001
      SINE     (Tremble)   peak  449.7 cents · mass at |c|>0.8pk 0.501 · at |c|<0.1pk 0.055
      arcsine prediction for a sine:                             0.410              0.064
  ok    triangle detune is BIMODAL: >= 90 % of the time at +-peak 0.988 of samples at |c| > 0.8 peak
  ok    triangle has NO zero dwell (a flat top would put one there) 0.0010 of samples at |c| < 0.1 peak
  ok    the SINE A/B proves the metric can see a non-square slope sine lobe mass 0.501 (arcsine predicts 0.410)
  ok    the SINE A/B shows the zero dwell the triangle does not have sine 0.0551 vs triangle 0.0010
  ok    `Tremble` (sine) MOVES more than `Two Line` (triangle) — the Dimension is motionless sine flux 53.07 vs triangle flux 50.37

[E — THE CONSTANT-CENTS LAW (the knob IS cents; Serum's is not)]
      ⚠️ THIS SECTION IS A STRUCTURAL CHECK ON THE SOLVER, NOT AN AUDIBILITY GATE.
      It reads liveTargetCents()/liveBaseMs(), i.e. the engine's own arithmetic, to
      prove the depth solve inverts the cents law and stays rate-independent. It
      CANNOT tell you the AUDIO does any of that: under WIDEN_MUT_HAAS every line
      below stays green while the output is a fixed delay. The audible versions
      are §F (the 72-cell matrix) and §R (the ceiling), both of which go red there.
      Rate knob ->   Hz    achieved peak cents (voice 5, Amount 100 %)  base ms
       0.25        0.291              213.5                          64.23
       0.40        0.631              213.8                          30.41
       0.55        1.370              213.5                          14.82
       0.70        2.973              213.5                          11.30
       0.85        6.452              213.4                          11.30
  ok    peak cents INDEPENDENT of Rate over a 12x rate span (<= 5 % spread) 213.4 .. 213.8 cents, spread 0.18 %
  ok    Amount 100 % reaches full cents at Voices 3          Voices 3 -> outermost 190.0 cents
  ok    Amount 100 % reaches full cents at Voices 5          Voices 5 -> outermost 190.0 cents
  ok    Amount 100 % reaches full cents at Voices 8          Voices 8 -> outermost 190.0 cents

[F — THE WHOLE MATRIX: EVERY KNOB SWEPT 0->100 ON EVERY TYPE]
      🔴 fb422. fb421 swept P1-P8 on ONE Type (Throng) and called Law 1 proved. It was
      not: `Rate` was BIT-IDENTICALLY dead on `Steady` and on `Blur`, `Spread` was dead
      on Twin/Blur/Bands (sprSm0_() appeared ONLY inside a viz_.voicePan assignment),
      `Roam` was dead on Twin/Bands and `Balance` was dead on Twin. Twelve controls x six
      Types = 72 cells, and all 72 are gated here. Every metric is read off the OUTPUT.
      Each knob carries its own ABSOLUTE audible-step floor — 'no plateau' cannot be a
      fraction of the span, because one huge step at the bottom would then excuse every
      dead quarter after it.

      the change unit, per Type — ONE QUARTER-TURN OF MIX (0.25 -> 0.50):
        Throng 21.5   Twin 20.1   Steady 22.5   Twofold 12.3   Blur 31.4   Bands 12.4   

      ── Detune       detune cents / 1-corr 
         Throng       1.691     9.324    30.998    63.082   106.546   span  104.854  min step   7.632 (>= 6.000)
  ok    Detune on Throng — alive and monotonic             1.691 -> 106.546, smallest quarter 7.632 (>= 6.000)
         Twin         1.691    15.987    48.348    98.259   163.906   span  162.214  min step  14.296 (>= 6.000)
  ok    Detune on Twin — alive and monotonic               1.691 -> 163.906, smallest quarter 14.296 (>= 6.000)
         Steady       1.691    15.987    45.880    89.773   144.285   span  142.594  min step  14.296 (>= 6.000)
  ok    Detune on Steady — alive and monotonic             1.691 -> 144.285, smallest quarter 14.296 (>= 6.000)
         Twofold      1.691     8.433    15.987    45.880    60.635   span   58.943  min step   6.741 (>= 6.000)
  ok    Detune on Twofold — alive and monotonic            1.691 -> 60.635, smallest quarter 6.741 (>= 6.000)
         Blur         0.000     0.163     0.567     0.967     1.290   span    1.290  min step   0.163 (>= 0.035)
  ok    Detune on Blur — alive and monotonic               0.000 -> 1.290, smallest quarter 0.163 (>= 0.035)
         Bands        0.000     0.222     0.579     0.855     1.044   span    1.044  min step   0.189 (>= 0.035)
  ok    Detune on Bands — alive and monotonic              0.000 -> 1.044, smallest quarter 0.189 (>= 0.035)
      ── Width        side fraction         
         Throng       0.000     0.254     0.452     0.665     1.000   span    1.000  min step   0.197 (>= 0.040)
  ok    Width on Throng — alive and monotonic              0.000 -> 1.000, smallest quarter 0.197 (>= 0.040)
         Twin         0.000     0.575     0.766     0.888     1.000   span    1.000  min step   0.112 (>= 0.040)
  ok    Width on Twin — alive and monotonic                0.000 -> 1.000, smallest quarter 0.112 (>= 0.040)
         Steady       0.000     0.228     0.416     0.632     1.000   span    1.000  min step   0.188 (>= 0.040)
  ok    Width on Steady — alive and monotonic              0.000 -> 1.000, smallest quarter 0.188 (>= 0.040)
         Twofold      0.000     0.172     0.333     0.547     1.000   span    1.000  min step   0.162 (>= 0.040)
  ok    Width on Twofold — alive and monotonic             0.000 -> 1.000, smallest quarter 0.162 (>= 0.040)
         Blur         0.000     0.297     0.505     0.711     1.000   span    1.000  min step   0.206 (>= 0.040)
  ok    Width on Blur — alive and monotonic                0.000 -> 1.000, smallest quarter 0.206 (>= 0.040)
         Bands        0.000     0.273     0.475     0.686     1.000   span    1.000  min step   0.202 (>= 0.040)
  ok    Width on Bands — alive and monotonic               0.000 -> 1.000, smallest quarter 0.202 (>= 0.040)
      ── Rate         output change / step  
         Throng       0.000    12.488    17.468    20.219    16.791   span   16.791  min step  12.488 (>= 4.297)
  ok    Rate on Throng — alive and monotonic               0.000 -> 16.791, smallest quarter 12.488 (>= 4.297)
         Twin         0.000     8.905    13.231    24.160    65.258   span   65.258  min step   8.905 (>= 4.024)
  ok    Rate on Twin — alive and monotonic                 0.000 -> 65.258, smallest quarter 8.905 (>= 4.024)
         Steady       0.000    14.204    13.584    29.378    38.549   span   38.549  min step  13.584 (>= 4.499)
  ok    Rate on Steady — alive and monotonic               0.000 -> 38.549, smallest quarter 13.584 (>= 4.499)
         Twofold      0.000    74.499    25.576    14.472    11.584   span   11.584  min step  11.584 (>= 2.469)
  ok    Rate on Twofold — alive and monotonic              0.000 -> 11.584, smallest quarter 11.584 (>= 2.469)
         Blur         0.000     2.416     3.219    15.285    37.926   span   37.926  min step   2.416 (>= 6.289)  [PLATEAU]
  FAIL  Rate on Blur — alive and monotonic                 0.000 -> 37.926, smallest quarter 2.416 (>= 6.289)
         Bands        0.000     3.383     2.581     7.552    24.286   span   24.286  min step   2.581 (>= 2.476)
  ok    Rate on Bands — alive and monotonic                0.000 -> 24.286, smallest quarter 2.581 (>= 2.476)
      ── Mix          dry rejection dB      
         Throng      -0.000     0.688     3.010     8.343   142.240   span  142.240  min step   0.688 (>= 0.500)
  ok    Mix on Throng — alive and monotonic                -0.000 -> 142.240, smallest quarter 0.688 (>= 0.500)
         Twin        -0.000     0.688     3.010     8.343   142.103   span  142.103  min step   0.688 (>= 0.500)
  ok    Mix on Twin — alive and monotonic                  -0.000 -> 142.103, smallest quarter 0.688 (>= 0.500)
         Steady      -0.000     0.688     3.010     8.343   142.309   span  142.309  min step   0.688 (>= 0.500)
  ok    Mix on Steady — alive and monotonic                -0.000 -> 142.309, smallest quarter 0.688 (>= 0.500)
         Twofold     -0.000     0.688     3.010     8.343   142.356   span  142.356  min step   0.688 (>= 0.500)
  ok    Mix on Twofold — alive and monotonic               -0.000 -> 142.356, smallest quarter 0.688 (>= 0.500)
         Blur        -0.000     0.688     3.010     8.343   142.212   span  142.212  min step   0.688 (>= 0.500)
  ok    Mix on Blur — alive and monotonic                  -0.000 -> 142.212, smallest quarter 0.688 (>= 0.500)
         Bands       -0.000     0.688     3.010     8.343   142.386   span  142.386  min step   0.688 (>= 0.500)
  ok    Mix on Bands — alive and monotonic                 -0.000 -> 142.386, smallest quarter 0.688 (>= 0.500)
      ── P1 Voices    spec d/step dB        
         Throng       0.000    33.318    21.492    18.086    13.039   span   13.039  min step  13.039 (>= 1.600)
  ok    P1 Voices on Throng — alive and monotonic          0.000 -> 13.039, smallest quarter 13.039 (>= 1.600)
         Twin         0.000     9.703     8.632    10.815     8.660   span    8.660  min step   8.632 (>= 1.600)
  ok    P1 Voices on Twin — alive and monotonic            0.000 -> 8.660, smallest quarter 8.632 (>= 1.600)
         Steady       0.000    30.721    13.963    12.257     9.872   span    9.872  min step   9.872 (>= 1.600)
  ok    P1 Voices on Steady — alive and monotonic          0.000 -> 9.872, smallest quarter 9.872 (>= 1.600)
         Twofold      0.000    66.927    23.076    31.252    39.795   span   39.795  min step  23.076 (>= 1.600)
  ok    P1 Voices on Twofold — alive and monotonic         0.000 -> 39.795, smallest quarter 23.076 (>= 1.600)
         Blur         0.000    24.024    26.472    20.368    11.502   span   11.502  min step  11.502 (>= 1.600)
  ok    P1 Voices on Blur — alive and monotonic            0.000 -> 11.502, smallest quarter 11.502 (>= 1.600)
         Bands        0.000    40.172    22.813    10.688     5.577   span    5.577  min step   5.577 (>= 1.600)
  ok    P1 Voices on Bands — alive and monotonic           0.000 -> 5.577, smallest quarter 5.577 (>= 1.600)
      ── P2 Spread    1 - corr              
         Throng       0.000     0.190     0.445     0.705     0.947   span    0.947  min step   0.190 (>= 0.030)
  ok    P2 Spread on Throng — alive and monotonic          0.000 -> 0.947, smallest quarter 0.190 (>= 0.030)
         Twin         0.000     1.362     1.666     1.794     1.892   span    1.892  min step   0.098 (>= 0.030)
  ok    P2 Spread on Twin — alive and monotonic            0.000 -> 1.892, smallest quarter 0.098 (>= 0.030)
         Steady       0.000     0.154     0.363     0.584     0.796   span    0.796  min step   0.154 (>= 0.030)
  ok    P2 Spread on Steady — alive and monotonic          0.000 -> 0.796, smallest quarter 0.154 (>= 0.030)
         Twofold      0.000     0.085     0.204     0.337     0.473   span    0.473  min step   0.085 (>= 0.030)
  ok    P2 Spread on Twofold — alive and monotonic         0.000 -> 0.473, smallest quarter 0.085 (>= 0.030)
         Blur         0.000     0.355     0.690     0.939     1.121   span    1.121  min step   0.182 (>= 0.030)
  ok    P2 Spread on Blur — alive and monotonic            0.000 -> 1.121, smallest quarter 0.182 (>= 0.030)
         Bands        0.000     0.189     0.376     0.661     1.171   span    1.171  min step   0.187 (>= 0.030)
  ok    P2 Spread on Bands — alive and monotonic           0.000 -> 1.171, smallest quarter 0.187 (>= 0.030)
      ── P3 Offset    ln(wet centroid ms)   
         Throng       1.642     2.264     2.820     3.432     3.993   span    2.351  min step   0.556 (>= 0.150)
  ok    P3 Offset on Throng — alive and monotonic          1.642 -> 3.993, smallest quarter 0.556 (>= 0.150)
         Twin         1.577     2.248     2.952     3.515     3.769   span    2.193  min step   0.254 (>= 0.150)
  ok    P3 Offset on Twin — alive and monotonic            1.577 -> 3.769, smallest quarter 0.254 (>= 0.150)
         Steady       1.812     2.505     3.127     3.925     4.470   span    2.659  min step   0.545 (>= 0.150)
  ok    P3 Offset on Steady — alive and monotonic          1.812 -> 4.470, smallest quarter 0.545 (>= 0.150)
         Twofold      2.461     3.182     3.878     4.527     4.873   span    2.412  min step   0.346 (>= 0.150)
  ok    P3 Offset on Twofold — alive and monotonic         2.461 -> 4.873, smallest quarter 0.346 (>= 0.150)
         Blur        -1.806    -1.705    -1.851    -1.554    -0.889   span    0.916  min step   0.101 (>= 0.150)  [NOT MONOTONIC]  [PLATEAU]
  FAIL  P3 Offset on Blur — alive and monotonic            -1.806 -> -0.889, smallest quarter 0.101 (>= 0.150)
         Bands        0.000    61.575   101.404    70.538    45.175   span   45.175  min step  45.175 (>= 2.476)
  ok    P3 Offset on Bands — alive and monotonic           0.000 -> 45.175, smallest quarter 45.175 (>= 2.476)
      ── P4 Roam      output change / step  
         Throng       0.000    52.926    18.343    11.313    16.512   span   16.512  min step  11.313 (>= 4.297)
  ok    P4 Roam on Throng — alive and monotonic            0.000 -> 16.512, smallest quarter 11.313 (>= 4.297)
         Twin         0.000    34.694    23.847    20.810    17.306   span   17.306  min step  17.306 (>= 4.024)
  ok    P4 Roam on Twin — alive and monotonic              0.000 -> 17.306, smallest quarter 17.306 (>= 4.024)
         Steady       0.000    31.550    16.611    13.014    14.134   span   14.134  min step  13.014 (>= 4.499)
  ok    P4 Roam on Steady — alive and monotonic            0.000 -> 14.134, smallest quarter 13.014 (>= 4.499)
         Twofold      0.000    20.833    23.817     9.787    25.346   span   25.346  min step   9.787 (>= 2.469)
  ok    P4 Roam on Twofold — alive and monotonic           0.000 -> 25.346, smallest quarter 9.787 (>= 2.469)
         Blur         0.000     2.819     3.766     4.363     8.385   span    8.385  min step   2.819 (>= 6.289)  [PLATEAU]
  FAIL  P4 Roam on Blur — alive and monotonic              0.000 -> 8.385, smallest quarter 2.819 (>= 6.289)
         Bands        0.000    15.922    14.884    13.196    12.224   span   12.224  min step  12.224 (>= 2.476)
  ok    P4 Roam on Bands — alive and monotonic             0.000 -> 12.224, smallest quarter 12.224 (>= 2.476)
      ── P5 Low Keep  LF side energy dB     
         Throng      28.686    27.800    25.800    21.779    16.042   span   12.644  min step   0.886 (>= 0.400)
  ok    P5 Low Keep on Throng — alive and monotonic        28.686 -> 16.042, smallest quarter 0.886 (>= 0.400)
         Twin        32.345    31.860    30.751    28.384    24.788   span    7.557  min step   0.485 (>= 0.400)
  ok    P5 Low Keep on Twin — alive and monotonic          32.345 -> 24.788, smallest quarter 0.485 (>= 0.400)
         Steady      29.083    28.177    26.185    22.148    16.358   span   12.725  min step   0.906 (>= 0.400)
  ok    P5 Low Keep on Steady — alive and monotonic        29.083 -> 16.358, smallest quarter 0.906 (>= 0.400)
         Twofold     24.952    24.117    22.241    18.405    12.800   span   12.152  min step   0.835 (>= 0.400)
  ok    P5 Low Keep on Twofold — alive and monotonic       24.952 -> 12.800, smallest quarter 0.835 (>= 0.400)
         Blur        30.045    29.327    27.658    24.097    18.682   span   11.362  min step   0.718 (>= 0.400)
  ok    P5 Low Keep on Blur — alive and monotonic          30.045 -> 18.682, smallest quarter 0.718 (>= 0.400)
         Bands       24.995    23.888    21.477    16.892    10.749   span   14.246  min step   1.107 (>= 0.400)
  ok    P5 Low Keep on Bands — alive and monotonic         24.995 -> 10.749, smallest quarter 1.107 (>= 0.400)
      ── P6 Tone      HF-LF tilt dB         
         Throng     -33.886   -38.065   -47.092   -54.012   -56.160   span   22.274  min step   2.148 (>= 1.200)
  ok    P6 Tone on Throng — alive and monotonic            -33.886 -> -56.160, smallest quarter 2.148 (>= 1.200)
         Twin       -31.015   -35.352   -44.980   -51.121   -52.587   span   21.572  min step   1.466 (>= 1.200)
  ok    P6 Tone on Twin — alive and monotonic              -31.015 -> -52.587, smallest quarter 1.466 (>= 1.200)
         Steady     -33.218   -37.279   -46.248   -53.210   -55.385   span   22.167  min step   2.175 (>= 1.200)
  ok    P6 Tone on Steady — alive and monotonic            -33.218 -> -55.385, smallest quarter 2.175 (>= 1.200)
         Twofold    -30.460   -34.680   -43.712   -50.598   -52.708   span   22.248  min step   2.110 (>= 1.200)
  ok    P6 Tone on Twofold — alive and monotonic           -30.460 -> -52.708, smallest quarter 2.110 (>= 1.200)
         Blur       -34.670   -38.586   -47.327   -54.247   -56.431   span   21.761  min step   2.184 (>= 1.200)
  ok    P6 Tone on Blur — alive and monotonic              -34.670 -> -56.431, smallest quarter 2.184 (>= 1.200)
         Bands      -39.972   -43.640   -49.855   -55.607   -58.854   span   18.882  min step   3.248 (>= 1.200)
  ok    P6 Tone on Bands — alive and monotonic             -39.972 -> -58.854, smallest quarter 3.248 (>= 1.200)
      ── P7 Feedback  sustained density dB  
         Throng     -27.501   -26.224   -21.584   -16.771   -14.994   span   12.508  min step   1.277 (>= 0.250)
  ok    P7 Feedback on Throng — alive and monotonic        -27.501 -> -14.994, smallest quarter 1.277 (>= 0.250)
         Twin       -30.444   -29.799   -28.915   -28.284   -27.839   span    2.604  min step   0.445 (>= 0.250)
  ok    P7 Feedback on Twin — alive and monotonic          -30.444 -> -27.839, smallest quarter 0.445 (>= 0.250)
         Steady     -28.755   -27.972   -26.940   -25.690   -24.664   span    4.091  min step   0.783 (>= 0.250)
  ok    P7 Feedback on Steady — alive and monotonic        -28.755 -> -24.664, smallest quarter 0.783 (>= 0.250)
         Twofold    -29.239   -28.427   -27.460   -26.736   -26.234   span    3.005  min step   0.502 (>= 0.250)
  ok    P7 Feedback on Twofold — alive and monotonic       -29.239 -> -26.234, smallest quarter 0.502 (>= 0.250)
         Blur       -25.886   -24.744   -10.966    -7.806    -6.987   span   18.899  min step   0.819 (>= 0.250)
  ok    P7 Feedback on Blur — alive and monotonic          -25.886 -> -6.987, smallest quarter 0.819 (>= 0.250)
         Bands      -34.625   -34.342   -12.234    -8.912    -8.081   span   26.543  min step   0.283 (>= 0.250)
  ok    P7 Feedback on Bands — alive and monotonic         -34.625 -> -8.081, smallest quarter 0.283 (>= 0.250)
      ── P8 Balance   side/mid dB           
         Throng     -30.779   -11.432    -5.553    -2.465    -0.902   span   29.876  min step   1.563 (>= 0.500)
  ok    P8 Balance on Throng — alive and monotonic         -30.779 -> -0.902, smallest quarter 1.563 (>= 0.500)
         Twin        -5.444    -2.287     1.451     7.011    14.577   span   20.020  min step   3.157 (>= 0.500)
  ok    P8 Balance on Twin — alive and monotonic           -5.444 -> 14.577, smallest quarter 3.157 (>= 0.500)
         Steady     -32.090   -12.775    -6.893    -3.752    -2.060   span   30.030  min step   1.693 (>= 0.500)
  ok    P8 Balance on Steady — alive and monotonic         -32.090 -> -2.060, smallest quarter 1.693 (>= 0.500)
         Twofold    -36.312   -17.059   -10.940    -7.185    -4.289   span   32.023  min step   2.896 (>= 0.500)
  ok    P8 Balance on Twofold — alive and monotonic        -36.312 -> -4.289, smallest quarter 2.896 (>= 0.500)
         Blur        -7.911    -4.419    -1.915    -0.239     0.432   span    8.343  min step   0.671 (>= 0.500)
  ok    P8 Balance on Blur — alive and monotonic           -7.911 -> 0.432, smallest quarter 0.671 (>= 0.500)
         Bands      -13.737    -9.987    -6.596    -2.776     2.938   span   16.674  min step   3.391 (>= 0.500)
  ok    P8 Balance on Bands — alive and monotonic          -13.737 -> 2.938, smallest quarter 3.391 (>= 0.500)
  FAIL  ALL 72 KNOB x TYPE CELLS ARE ALIVE (fb421 had 8 dead ones) 3 dead cells; tightest P2 Spread on Twofold at 0.085 per quarter

[R — THE R11 CEILING GATE, RE-DERIVED ON THE IDENTITY CONTROL]
      🔴 fb422. fb421 measured R11 on `Width`, and `Width` is an EQUAL-POWER M/S
      ROTATION: at 1.0 theta = pi/2, so mid is multiplied by cos(pi/2) = 0 BY
      CONSTRUCTION. corr = -1.000 and a -130 dB mono fold are the arithmetic
      consequence of zeroing mid on ANY stereo signal — they cannot read anything
      else. A skeptic replaced the ENTIRE widening machine with a fixed 12 ms Haas
      delay and all six of those gates stayed green WITH BETTER NUMBERS, identical
      to three decimals on all six Types.
      R11 is now measured on the IDENTITY control — `Amount` at 100 % on every
      Type, and `Feedback`+`Voices` at 100 % together — with WIDTH PINNED AT 0.5,
      which is EXACTLY unity, so the rotation contributes nothing at all.

      A · Amount 100 % (Width 0.5 = unity, Mix 1.0). Control column = the SAME
          engine at Amount 0, so the ceiling is read against its own floor.
        Throng   detune spread, cents     106.546   control     1.691   bar   60.00  
                 why this bar: 60 cents is a QUARTER TONE: past thickening, into audibly out of tune
  ok    Throng — Amount 100 % is past useful (R11)         106.55 vs control 1.69 (bar 60.00)
        Twin     detune spread, cents     163.906   control     1.691   bar   60.00  
                 why this bar: same bar — this is the Type Max named, and fb421 gave it 28 cents
  ok    Twin — Amount 100 % is past useful (R11)           163.91 vs control 1.69 (bar 60.00)
        Steady   detune spread, cents     144.285   control     1.691   bar   60.00  
                 why this bar: same bar, static shift
  ok    Steady — Amount 100 % is past useful (R11)         144.29 vs control 1.69 (bar 60.00)
        Twofold  detune spread, cents      55.837   control     1.691   bar   45.00  
                 why this bar: a WALK spends most of its life near zero; 45 is the same knob's worth
  ok    Twofold — Amount 100 % is past useful (R11)        55.84 vs control 1.69 (bar 45.00)
        Blur     stereo correlation        -0.299   control     1.000   bar   -0.25  
                 why this bar: a phase-only decorrelator bottoms out AT zero; below it needs real divergence
  ok    Blur — Amount 100 % is past useful (R11)           -0.30 vs control 1.00 (bar -0.25)
        Bands    stereo correlation        -0.552   control     1.000   bar   -0.15  
                 why this bar: complementary bands can only anti-correlate by over-driving past g = 1
  ok    Bands — Amount 100 % is past useful (R11)          -0.55 vs control 1.00 (bar -0.15)

      B · THE ANTI-HAAS CLAUSE. The refutation's signature was that all six R11
          numbers came out IDENTICAL TO THREE DECIMALS, because they were reading a
          trigonometric identity rather than six different machines. A ceiling gate
          that cannot tell the Types apart is not measuring the device, so this one
          asserts that it can: the four pitch Types must differ by >= 15 % of the
          largest, and the two phase Types must differ from them by construction
          (carrier mass 1.000 vs << 1).
          measured: Throng 106.5 · Twin 163.9 · Steady 144.3 · Twofold 55.8 cents  ->  spread 65.9 %
  ok    R11 can tell the six Types apart (it is not reading an identity) pitch-Type spread 65.9 % of the largest

      C · `Feedback` and `Voices` at 100 % TOGETHER, on broadband noise, measured
          over the last 2 s of a 6 s probe so the loop has converged. The floor is
          +3.0 dB of sustained density over Feedback 0 — three times the level JND
          for a sustained texture, i.e. not arguable.
        Throng    -27.27 ->  -10.56 dB   (+16.71)
  ok    Throng — Feedback+Voices 100 % is a wall (>= +3 dB) -27.27 -> -10.56 dB (+16.71)
        Twin      -30.40 ->  -27.19 dB   (+3.21)
  ok    Twin — Feedback+Voices 100 % is a wall (>= +3 dB)  -30.40 -> -27.19 dB (+3.21)
        Steady    -28.48 ->  -25.59 dB   (+2.89)
  FAIL  Steady — Feedback+Voices 100 % is a wall (>= +3 dB) -28.48 -> -25.59 dB (+2.89)
        Twofold   -29.84 ->  -27.81 dB   (+2.03)
  FAIL  Twofold — Feedback+Voices 100 % is a wall (>= +3 dB) -29.84 -> -27.81 dB (+2.03)
        Blur      -25.96 ->   -6.80 dB   (+19.16)
  ok    Blur — Feedback+Voices 100 % is a wall (>= +3 dB)  -25.96 -> -6.80 dB (+19.16)
        Bands     -34.50 ->   -8.11 dB   (+26.39)
  ok    Bands — Feedback+Voices 100 % is a wall (>= +3 dB) -34.50 -> -8.11 dB (+26.39)
  ok    the bloom differs BY TYPE (a shared machine would bloom identically) 0 Type pairs within 0.25 dB of each other

      D · `Width` 100 % — REPORTED, NOT GATED AS R11. It is an identity: mid is
          multiplied by cos(pi/2). The only thing worth gating here is that the
          output does not simply VANISH, i.e. the side really is being boosted.
        Throng   corr -1.000 · mono fold  -139.06 dB · level vs Width 50 %  +0.55 dB
  ok    Throng — Width 100 % boosts side, it does not mute level +0.6 dB · fold -139.1 dB
        Twin     corr -1.000 · mono fold  -144.19 dB · level vs Width 50 %  +2.84 dB
  ok    Twin — Width 100 % boosts side, it does not mute   level +2.8 dB · fold -144.2 dB
        Steady   corr -1.000 · mono fold  -138.20 dB · level vs Width 50 %  -0.08 dB
  ok    Steady — Width 100 % boosts side, it does not mute level -0.1 dB · fold -138.2 dB
        Twofold  corr -1.000 · mono fold  -135.58 dB · level vs Width 50 %  -1.69 dB
  ok    Twofold — Width 100 % boosts side, it does not mute level -1.7 dB · fold -135.6 dB
        Blur     corr -1.000 · mono fold  -140.69 dB · level vs Width 50 %  +1.18 dB
  ok    Blur — Width 100 % boosts side, it does not mute   level +1.2 dB · fold -140.7 dB
        Bands    corr -1.000 · mono fold  -135.15 dB · level vs Width 50 %  -0.05 dB
  ok    Bands — Width 100 % boosts side, it does not mute  level -0.1 dB · fold -135.1 dB

[G — EVERY CHARACTER CHANGES PHYSICS (48 cells, vs its Type's default)]
      Throng Even Fan 5.40  Analog Drift 5.66  Tight Fan 1.79  Wide Fan 2.25  Octave Bloom 10.06  Sub Anchor 1.50  Three Phase 46.54  
      Twin   Four Line 2.16  Mode Two 3.17  Mode Three 20.21  No Compander 8.68  Dark BBD 3.13  Tremble 30.07  Hex 5.95  
      Steady Jab 2.98  Quaver 4.04  Fifth Up 8.21  Octave Down 4.51  Wide Slap 3.19  Gritty 4.86  Octave Pair 8.59  
      Twofold Wide Room 14.77  Tape ADT 23.98  Tight Inst 18.36  Loose Crowd 15.94  Static Pair 27.52  Slapback 2.24  Seasick 25.01  
      Blur   Deep Twelve 4.20  Plush 2.12  Low Anchor 2.44  Top Only 3.53  Seed B 1.46  Seed C 1.70  Opposed 3.83  
      Bands  Fine 1.70  Tilted 2.34  Rotor Slow 3.49  Rotor Fast 2.86  Guard 1.75  Deep Grid 2.52  Hard Split 2.75  
  ok    every Character is measurably different from its Type's default 0 weak cells; weakest Blur/Seed B at 1.46

[H — MIX 1.0 = FULLY WET, ZERO DRY (dry residual < -60 dB)]
      probe: Field `Side Only` forces wetL = +s, wetR = -s, so the WET's mono sum is
      EXACTLY zero. Whatever survives in (L+R)/2 is dry. Works for every Type,
      including the zero-delay ones where no pre-wet window exists.
  ok    Throng — dry residual at Mix 1.0                   Mix 0.5 control -3.01 dB -> Mix 1.0 -142.33 dB
  ok    Twin — dry residual at Mix 1.0                     Mix 0.5 control -3.01 dB -> Mix 1.0 -142.08 dB
  ok    Steady — dry residual at Mix 1.0                   Mix 0.5 control -3.01 dB -> Mix 1.0 -142.36 dB
  ok    Twofold — dry residual at Mix 1.0                  Mix 0.5 control -3.01 dB -> Mix 1.0 -142.41 dB
  ok    Blur — dry residual at Mix 1.0                     Mix 0.5 control -3.01 dB -> Mix 1.0 -142.28 dB
  ok    Bands — dry residual at Mix 1.0                    Mix 0.5 control -3.01 dB -> Mix 1.0 -142.40 dB

[I — NO CLICKS: every param swept under a held tone vs a STATIC control]
  ok    Detune sweep is click-free                           peak d2 2.78e-03 vs static control 2.59e-03 (x1.07)
  ok    Width sweep is click-free                            peak d2 2.50e-03 vs static control 2.59e-03 (x0.97)
  ok    Rate sweep is click-free                             peak d2 3.13e-03 vs static control 2.59e-03 (x1.21)
  ok    Mix sweep is click-free                              peak d2 3.09e-03 vs static control 2.59e-03 (x1.19)
  ok    P1 Voices sweep is click-free                        peak d2 2.63e-03 vs static control 2.59e-03 (x1.02)
  ok    P2 Spread sweep is click-free                        peak d2 2.62e-03 vs static control 2.59e-03 (x1.01)
  ok    P3 Offset sweep is click-free                        peak d2 2.63e-03 vs static control 2.59e-03 (x1.02)
  ok    P4 Roam sweep is click-free                          peak d2 3.15e-03 vs static control 2.59e-03 (x1.22)
  ok    P5 Low Keep sweep is click-free                      peak d2 2.33e-03 vs static control 2.59e-03 (x0.90)
  ok    P6 Tone sweep is click-free                          peak d2 3.46e-03 vs static control 2.59e-03 (x1.34)
  ok    P7 Feedback sweep is click-free                      peak d2 2.87e+00 vs static control 1.02e+01 (x0.28)
  ok    P8 Balance sweep is click-free                       peak d2 2.59e-03 vs static control 2.59e-03 (x1.00)
  ok    Type swap is click-free (dip -> swap+reset -> recover) relative d2 2.79e-02 = -34.1 dB of programme peak (static floor 2.41e-03)
  ok    Character swap is click-free                         relative d2 2.05e-02 = -36.8 dB of programme peak (static floor 2.41e-03)
  ok    Field swap is click-free                             relative d2 2.37e-02 = -35.5 dB of programme peak (static floor 2.41e-03)
  ok    Retrig pill is click-free (read-position slew cap)   relative d2 1.34e-02 = -40.5 dB of programme peak (static floor 2.41e-03)

[J — MONO FOLD-DOWN, per Type, per Field, and per tagged Character]
      GATE: at MIX 1.0 (no dry to sum with) the time-AVERAGED mono magnitude
      spectrum must stay within 4 dB of dry in every log band, and the mono RMS
      within 3 dB. Mix 0.5 was tried first and measures the wrong thing: an
      equal-power crossfade of two CORRELATED signals is +3 dB by arithmetic, so
      `Bands` — whose mono fold is the input BIT FOR BIT — read +3.14 dB and
      "failed". The averaging matters too: a MOVING comb must average out, which
      is why magSpec averages 12 hops across the probe.
  ok    Throng — mono fold survives                        level -1.21 dB · worst notch -1.01 dB · mean dev 0.53 dB
  ok    Twin — tagged mono-lossy, and it is                level -2.94 dB · worst notch -8.15 dB · mean dev 7.16 dB
  ok    Steady — mono fold survives                        level -1.37 dB · worst notch -0.81 dB · mean dev 0.29 dB
  ok    Twofold — tagged mono-lossy, and it is             level -0.50 dB · worst notch -4.22 dB · mean dev 3.38 dB
  FAIL  Blur — tagged mono-lossy, and it is                level -1.55 dB · worst notch -3.95 dB · mean dev 2.54 dB
  ok    Bands — mono fold survives                         level -3.44 dB · worst notch +0.00 dB · mean dev 0.00 dB

      per FIELD (Throng, Mix 1.0) — the tagged options are EXPECTED to be hostile:
      Straight    level   -1.21 dB · worst notch   -1.01 dB 
  ok    Field `Straight` mono behaviour matches its tag      level -1.21 dB · notch -1.01 dB
      Alternate   level   -1.21 dB · worst notch   -1.01 dB 
  ok    Field `Alternate` mono behaviour matches its tag     level -1.21 dB · notch -1.01 dB
      Orbit       level   -3.08 dB · worst notch   -1.63 dB  [TAGGED mono-hostile]
  ok    Field `Orbit` mono behaviour matches its tag         level -3.08 dB · notch -1.63 dB
      Swap        level   -1.21 dB · worst notch   -1.01 dB 
  ok    Field `Swap` mono behaviour matches its tag          level -1.21 dB · notch -1.01 dB
      Side Only   level -142.34 dB · worst notch -159.53 dB  [TAGGED mono-hostile]
  ok    Field `Side Only` mono behaviour matches its tag     level -142.34 dB · notch -159.53 dB
      Gather      level   -1.21 dB · worst notch   -1.01 dB 
  ok    Field `Gather` mono behaviour matches its tag        level -1.21 dB · notch -1.01 dB

      per CHARACTER, the two tagged ones vs their Type's default:
      Twin   / Two Line     level   -3.13 dB · worst notch   -7.67 dB 
      Twin   / Hex          level   -0.87 dB · worst notch   -4.51 dB 
      Blur   / Smooth Six   level   -2.10 dB · worst notch   -4.31 dB 
      Blur   / Opposed      level   -0.11 dB · worst notch   -1.79 dB 
  ok    no Twin Character is more mono-hostile than `Two Line` (the empty tag list is honest) Two Line dev 6.71 dB / level -3.13 dB -> Hex dev 4.01 dB
  ok    Blur/`Opposed` is a different room, NOT a more hostile one (tag removed) Smooth Six mono dev 2.48 dB · Opposed 1.95 dB
  ok    Bands mono fold is spectrally EXACT at every Amount (one-pole tree reconstructs) worst mean spectral deviation 0.000 dB

[K — STABILITY: 60 s of full-drive white noise, every Type]
  ok    Throng — 60 s full drive, no NaN, bounded          peak 1.994
  ok    Twin — 60 s full drive, no NaN, bounded            peak 0.744
  ok    Steady — 60 s full drive, no NaN, bounded          peak 1.591
  ok    Twofold — 60 s full drive, no NaN, bounded         peak 1.100
  ok    Blur — 60 s full drive, no NaN, bounded            peak 1.968
  ok    Bands — 60 s full drive, no NaN, bounded           peak 0.991
  ok    Throng — silence in, silence out (nothing free-runs) 0.00e+00
  ok    Twin — silence in, silence out (nothing free-runs) 0.00e+00
  ok    Steady — silence in, silence out (nothing free-runs) 0.00e+00
  ok    Twofold — silence in, silence out (nothing free-runs) 0.00e+00
  ok    Blur — silence in, silence out (nothing free-runs) 0.00e+00
  ok    Bands — silence in, silence out (nothing free-runs) 0.00e+00

[L — UNITY THROUGH: defaults must not be a volume knob]
  ok    Throng — Mix 100 % at defaults within +-1.5 dB     -0.83 dB
  ok    Twin — Mix 100 % at defaults within +-1.5 dB       +0.37 dB
  ok    Steady — Mix 100 % at defaults within +-1.5 dB     -0.95 dB
  ok    Twofold — Mix 100 % at defaults within +-1.5 dB    -0.85 dB
  ok    Blur — Mix 100 % at defaults within +-1.5 dB       +1.03 dB
  ok    Bands — Mix 100 % at defaults within +-1.5 dB      -0.44 dB
  ok    Throng — Character level spread <= 4 dB            1.08 dB spread (-1.20 .. -0.12)  Tight Fan .. JP Classic
  ok    Twin — Character level spread <= 4 dB              3.72 dB spread (-0.32 .. +3.40)  Four Line .. Hex
  ok    Steady — Character level spread <= 4 dB            0.55 dB spread (-1.23 .. -0.69)  Octave Pair .. Quaver
  ok    Twofold — Character level spread <= 4 dB           2.09 dB spread (-2.29 .. -0.20)  Static Pair .. Tight Inst
  ok    Blur — Character level spread <= 4 dB              1.81 dB spread (-0.94 .. +0.87)  Deep Twelve .. Smooth Six
  ok    Bands — Character level spread <= 4 dB             3.60 dB spread (-2.05 .. +1.54)  Fine .. Guard

[M — CPU: us/block at 48 kHz / 128, worst Type named]
      Throng     22.15 us/block    0.83 % of one core   x6 instances =  4.98 %
      Twin       18.58 us/block    0.70 % of one core   x6 instances =  4.18 %
      Steady     22.94 us/block    0.86 % of one core   x6 instances =  5.16 %
      Twofold    15.83 us/block    0.59 % of one core   x6 instances =  3.56 %
      Blur       20.12 us/block    0.75 % of one core   x6 instances =  4.53 %
      Bands      10.64 us/block    0.40 % of one core   x6 instances =  2.39 %
  ok    worst Type under 1.0 % of one core (6 instances < 6 %; fx3 ships at 0.78 %) Steady at 22.94 us/block = 0.860 % of one core

[N — 44.1 kHz and 96 kHz: the same device, measured again]
       48000 Hz   Throng peak cents  190.0 · Blur corr -0.299 · Bands chan ripple  11.4 dB
       44100 Hz   Throng peak cents  190.0 · Blur corr -0.345 · Bands chan ripple  11.4 dB
       96000 Hz   Throng peak cents  190.0 · Blur corr +0.243 · Bands chan ripple  11.7 dB
  ok    peak cents identical at 44.1 / 48 / 96 kHz (<= 2 % spread) 190.0 / 190.0 / 190.0 cents
  FAIL  Blur decorrelation is SAMPLE-RATE INVARIANT (44.1 / 48 / 96 within 0.10) corr -0.345 / -0.299 / +0.243
  ok    Bands per-channel tear holds at 44.1 / 96 kHz        11.4 / 11.4 / 11.7 dB

[O — THE CHORUS BOUNDARY, MEASURED ON THE OUTPUT, ON EVERY TYPE]
      🔴 fb422. ROSTER §0 claimed the boundary was "enforced in the DSP, not in
      prose" and that this section asserted it. It did not: it measured nV_, a
      published integer, on Throng and Twofold — i.e. NOT on `Twin`, whose line count
      is a different expression entirely, and NOT on `Steady`. Both of those are
      fixed here, and the count is cross-checked against the OUTPUT.

      What a chorus IS, per CONTRACT §4: ONE audible cyclic voice pair. Failing that
      needs either (a) more than one pair of copies, or (b) copies that do not
      CYCLE. Every Type is checked against both, and each must satisfy at least one
      — stated as a disjunction because it genuinely is one, not to make a cell pass.

      1 · the copy count at the Voices FLOOR, per Type and per Character that
          claims a count in its own name:
        Throng   / JP Classic  liveCopies() = 3   (the label says 3)  unit: copies
  ok    Throng/JP Classic — the count matches the LABEL at the Voices floor 3 copies, label says 3
        Twin     / Two Line    liveCopies() = 2   (the label says 2)  unit: lines
  ok    Twin/Two Line — the count matches the LABEL at the Voices floor 2 copies, label says 2
        Twin     / Four Line   liveCopies() = 4   (the label says 4)  unit: lines
  ok    Twin/Four Line — the count matches the LABEL at the Voices floor 4 copies, label says 4
        Twin     / Hex         liveCopies() = 6   (the label says 6)  unit: lines
  ok    Twin/Hex — the count matches the LABEL at the Voices floor 6 copies, label says 6
        Steady   / Satin       liveCopies() = 3   (the label says 3)  unit: copies
  ok    Steady/Satin — the count matches the LABEL at the Voices floor 3 copies, label says 3
        Twofold  / Lilt        liveCopies() = 3   (the label says 3)  unit: copies
  ok    Twofold/Lilt — the count matches the LABEL at the Voices floor 3 copies, label says 3
  ok    Voices at knob 100 is 8 copies                       8

      2 · the OUTPUT test. `carrier mass` = the share of the spectrum still
          sitting within +-25 cents of the probe tone. A chorus (or a Haas delay,
          or anything that does not really detune) leaves it near 1.000.
        Throng   copies 3 · carrier mass 0.216  ->  a crowd AND parked
  ok    Throng — not a chorus (crowd, or parked detune)    3 copies · carrier mass 0.216
        Twin     copies 2 · carrier mass 0.012  ->  parked (constant detune), not a cyclic pair
  ok    Twin — not a chorus (crowd, or parked detune)      2 copies · carrier mass 0.012
        Steady   copies 3 · carrier mass 0.046  ->  a crowd AND parked
  ok    Steady — not a chorus (crowd, or parked detune)    3 copies · carrier mass 0.046
        Twofold  copies 3 · carrier mass 0.852  ->  a crowd
  ok    Twofold — not a chorus (crowd, or parked detune)   3 copies · carrier mass 0.852
        Blur     copies 9 · carrier mass 1.000  ->  phase-only: nothing detunes, cannot be a chorus
  ok    Blur — not a chorus (crowd, or parked detune)      9 copies · carrier mass 1.000
        Bands    copies 4 · carrier mass 1.000  ->  phase-only: nothing detunes, cannot be a chorus
  ok    Bands — not a chorus (crowd, or parked detune)     4 copies · carrier mass 1.000

      3 · the A/B. `Two Line` (triangle, PARKED) 0.012  vs  `Tremble` (sine,
          SWEPT) 0.125 — same machine, same line count, only the modulator
          shape differs. If the parked clause could not fail, these would be
          equal; they are not, and `Tremble` is carried by the crowd clause
          (4 copies) instead.
  ok    the `parked` clause is falsifiable: a SINE modulator reads a higher carrier triangle 0.012 vs sine 0.125 (arcsine predicts ~0.19 for the sine)

[Q — `Hear Mono` IS A REAL PARAMETER (fb423: it had none at all)]
      🔴 AT fb422 THIS PILL HAD NO ENGINE PARAMETER. ROSTER §3 called it a
      "UI-side audition… costs the engine nothing" — i.e. a control that cannot be
      automated, cannot be saved in a preset and cannot be recalled. That is not a
      control. It is `Params::hearMono` now, and these four gates are what the word
      MONO is allowed to mean.
  ok    `Hear Mono` ON: L and R are BIT-IDENTICAL            max |L-R| = 0.000e+00
  ok    `Hear Mono` ON: the output IS (L+R)/2 of the OFF run — a FOLD, not a mute max |on - mid(off)| = 7.45e-09  ·  OFF |L-R| = 0.2202 (the fold has work to do)
  ok    ...and the Viz correlation follows it to +1.000 (audible ⇒ visible) viz().corr = +1.00000
  ok    toggling `Hear Mono` under a held tone is click-free (15 ms fade) static 0.0026 -> toggled 0.0026

[S — NO DOUBLES, over EVERY label this device publishes (not the ones I changed)]
      🔴 fb422 HAD NO GATE AT ALL. FINDINGS §9 was a one-off markdown grep over the
      15 strings RENAMES.md had just changed; the other 80 published labels had
      NEVER been checked against anything, and the family audit found 12 collisions
      in this device that I did not. That is round one's failure repeating verbatim:
      CHECKING WHAT I CHANGED INSTEAD OF THE WHOLE CARD.
      Corpus: 3067 strings from Source/ (incl. index.html option arrays and every
      *_test.cpp name table), Tests/, Design/fx3/ and BOTH sibling fx4 directories,
      harvested from single AND double quotes and STRIPPED before the capitalisation
      test. Regenerate with `python3 extract_labels.py`.

  ok    the CARD label set is 6 Types + 48 Characters + 6 Fields + 6x4 front + 8 back + 2 pills + 1 device = 95 95 card labels, 103 gated in total (+2 dropdown labels, +6 Voices units)
  ok    no published label collides with a shipped or sibling label 103 labels vs 3067 corpus strings, 0 unruled hits
  ok    corpus sees the fb418 LEADING-SPACE labels (`"Chorus" + sfxD + " Motion"`) Motion PRESENT · Route PRESENT
  ok    corpus sees SINGLE-quoted index.html options (the shipped `Leaky`) Leaky · Metal — both single-quoted in index.html
  ok    corpus sees the shipped TAPE front knobs the first EQ table missed Tilt · Sculpt
  ok    corpus sees BOTH sibling fx4 directories             Slant · Chisel (eq) · Free Pair · Crest (dynamics)
  ok    exemption list A (CONTRACT §4 + chassis) is exactly 10 entries Width Rate Mix Amount Character Type Power Tone Retrig Low Keep
  ok    exemption list B (fb423 SANCTIONED mockup-only) is exactly 2 entries Blur · Coarse
  ok    🔴 UNRULED shared-vocabulary claims: exactly 5, named, awaiting a ruling Detune Depth Voices Spread Feedback  — FINDINGS §10
  ok    front slots 2/3/4 are NEVER relabelled per Type (so the dedup below is legal) Width · Rate · Mix
  ok    no word names two DIFFERENT controls inside this card 86 distinct control labels, all unique
  ok    RENAMES.md parses to 23 WIDEN rename rows (15 first table + 8 fb423) 23 rows
  ok    every NEW name in RENAMES.md is PUBLISHED by the engine (the table was applied) all 23 present
  ok    the drift gate actually READ all three artefacts (fb393: a stub kinder than reality) worklet 37455 B · roster 26377 B · header 135174 B
  ok    widen-worklet.js name tables EQUAL the header arrays, entry for entry 7 tables, 100 entries, all identical to the header
  ok    ROSTER.md carries every published card label as a backticked literal 96 labels, all present
  ok    ROSTER.md's H1 is the device name published by the engine # WIDEN — the locked roster
  ok    the retired-label scan skips EXACTLY 2 marked mutation regions 2 MUT-STALENAME regions cut from the header before scanning
  ok    no RETIRED label survives as a label token in header/worklet/roster 23 retired names x 3 artefacts, 0 hits
  ok    ...nor in THIS harness's own printed output (fb422 printed two of them) 0 retired labels in widen_cert.cpp

[Z — SELF-CHECK: CAN THESE GATES ACTUALLY FAIL?  (FIXES.md §0)]
      🔴 THE NEW LAW. fb421 reported 459 gates green across four devices and eight
      skeptics then found 16 BLOCKER / 20 MAJOR / 20 MINOR, because the gates could
      not fail. On THIS device a skeptic replaced the ENTIRE widening machine —
      procVoices, procTwin, procBlur, procBands, the crowd, the detune, the motion —
      with a fixed 12 ms Haas delay and all six R11 gates stayed green WITH BETTER
      NUMBERS, identical to three decimals on all six Types.

      This binary can be rebuilt with any one mechanism DELETED. Each build is a row
      in MUTATION.md with real before/after numbers:
        -DWIDEN_MUT_HAAS       the whole widening machine -> a fixed 12 ms Haas delay
        -DWIDEN_MUT_DEADKNOBS  fb421's dead knobs restored (Rate/Spread/Roam/Balance)
        -DWIDEN_MUT_POLITE     fb421's ceilings restored (Twin 28 cents, Spread 1.0x)
        -DWIDEN_MUT_NOSMOOTH   every continuous smoother -> tau 0
        -DWIDEN_MUT_NOGLIDE    delay lengths / gains / pans snap instead of gliding
        -DWIDEN_MUT_NODIP      the fade-swap-recover dip removed
        -DWIDEN_MUT_STALENAME  one fb423 rename reverted in the HEADER only (§S)
        -DWIDEN_MUT_NOMONO     the `Hear Mono` fold deleted (§Q)
        -DWIDEN_MUT_MONOSNAP   the `Hear Mono` 15 ms fade -> a hard cut (§Q)
        -DWIDEN_MUT_NOFLOOR    the Voices floor of 3 removed, Twin pinned to one pair
        -DWIDEN_MUT_APCLAMP    the fb421 +-0.97 allpass coefficient clamp restored

  FAIL  this is a MUTATION build — the fail list above IS the deliverable mutation active: WIDEN_MUT_APCLAMP
  ok    (self) detuneSpread reads ~0 on an UNSHIFTED tone (window leakage only) 1.69 cents
  ok    (self) carrierMass reads ~1.000 on an UNSHIFTED tone 1.0000
  ok    (self) detuneSpread recovers a PLANTED +-100-cent pair read 101.8 cents
  ok    (self) correlation reads -1 on a planted antiphase pair -1.0000
  ok    (self) correlation reads +1 on a planted mono pair   +1.0000
  ok    (self) the click detector FIRES on a planted 0.2 step clean 0.001 -> planted 3.999
  ok    (self) ...and does NOT fire on clean programme       clean 0.0014
  ok    (self) changeDist to ITSELF is 0                     0.00e+00
  ok    (self) the field trace recovers a PLANTED 2 Hz image wobble read 1.93 Hz

═══════════════════════════════════════════════════════════════════
  PASS 226   FAIL 9
   x  Rate on Blur — alive and monotonic  [0.000 -> 37.926, smallest quarter 2.416 (>= 6.289)]
   x  P3 Offset on Blur — alive and monotonic  [-1.806 -> -0.889, smallest quarter 0.101 (>= 0.150)]
   x  P4 Roam on Blur — alive and monotonic  [0.000 -> 8.385, smallest quarter 2.819 (>= 6.289)]
   x  ALL 72 KNOB x TYPE CELLS ARE ALIVE (fb421 had 8 dead ones)  [3 dead cells; tightest P2 Spread on Twofold at 0.085 per quarter]
   x  Steady — Feedback+Voices 100 % is a wall (>= +3 dB)  [-28.48 -> -25.59 dB (+2.89)]
   x  Twofold — Feedback+Voices 100 % is a wall (>= +3 dB)  [-29.84 -> -27.81 dB (+2.03)]
   x  Blur — tagged mono-lossy, and it is  [level -1.55 dB · worst notch -3.95 dB · mean dev 2.54 dB]
   x  Blur decorrelation is SAMPLE-RATE INVARIANT (44.1 / 48 / 96 within 0.10)  [corr -0.345 / -0.299 / +0.243]
   x  this is a MUTATION build — the fail list above IS the deliverable  [mutation active: WIDEN_MUT_APCLAMP]
═══════════════════════════════════════════════════════════════════
