
════════════════════════════════════════════════════════════════════════
  dynamics_cert — COMPRESS (kind 11) + OTT (kind 12), one shared core
  fx4 · every number below is measured, not asserted
════════════════════════════════════════════════════════════════════════

[0. DynamicsCore — the math every gate below is measured with]
  ok    fastLog2 → lin2db error over −140…+60 dB       0.00001 dB  (bar 0.01)
  ok    fastExp2 → db2lin error over −140…+60 dB       0.00074 dB  (bar 0.01)
  ok    grDown: zero below knee, exact slope above           max deviation 3.05e-06 dB
  ok    grDown: s = 1 is ∞:1 (output flat above T)         out(0)=-20.000  out(+20)=-20.000 dB
  ok    grDown: s = 2 is the NEGATIVE zone (−1:1)          in +6 dB ⇒ out -6.00 dB (-40.00 → -46.00)
  ok    floorGate: 0 at F, 1 above F+12, monotone            g(−80)=0.000 g(−72)=0.500 g(−60)=1.000
  ok    LR4:  LP4 + HP4 == AP2(fc)  (null)                   -134.8 dB below the allpass  (bar −100)
  ok    AP2 is magnitude-flat (|H| = 1)                      0.0002 dB of level change  (bar 0.05)

[1. Names — rack-wide no-doubles, exact-string, vs a snapshot of Source/]
  ok    no name collides with a shipped label                184 names vs 3320 corpus strings (Source/ + BOTH sibling fx4 dirs)
  ok    the corpus contains the fb418 leading-space labels   Motion PRESENT · Route PRESENT
  ok    the corpus contains the SIBLING fx4 names (it could not, before) Slant · Chisel · Steady · Twofold all found in Design/fx4/{eq,widen}
  ok    the exemption lists are exactly 4 + 3 + 2 entries    CONTRACT §4 · rack chassis · explicit rulings — none of them can grow silently
  ok    every exemption is LOAD-BEARING (it actually excuses a real collision) 9 / 9 appear in the corpus
      exempt  Mix         CONTRACT §4 shared vocabulary — the wet/dry control of every rack device
      exempt  Attack      CONTRACT §4 shared vocabulary — how fast a follower grabs, same law everywhere
      exempt  Release     CONTRACT §4 shared vocabulary — how fast it lets go, same law everywhere
      exempt  Amount      CONTRACT §4 shared vocabulary — how much of the effect, same law everywhere
      exempt  Character   CONTRACT R6 — back dropdown 1 is `Character` on EVERY fx3/fx4 card, by mandate
      exempt  Type        CONTRACT R6 — `Type` is the header pill (DEVS[].tp) on every card, by mandate
      exempt  Power       the fb266 frozen rack chassis — every card has a Power switch
      exempt  Auto        RENAMES.md fb423 §SANCTIONED — the same law as the shipped Distortion `Auto` pill (auto gain compensation)
      exempt  Stereo      RENAMES.md fb423 §SANCTIONED — `Stereo`·`Mid`·`Side`·`Left`·`Right` sanctioned AS A GROUP, M/S routing vocabulary
  ok    no name repeats across the two devices               all unique
  ok    kNumTypes × kNumChars tables are fully populated    Compress 8×8, OTT 8×8
  ok    the downstream files are ON DISK where this gate looked found in /Users/macshooter/Developer/VST-Plugins/audio-plugin-coder/.worktrees/terrain-instrument/plugins/TerrainInstrument/Design/fx4/dynamics (compress-worklet.js, ott-worklet.js, ROSTER.md)
  ok    compress-worklet TYPES == typeNames()                8 strings, exact
  ok    compress-worklet CHARS == charNames()                64 strings, exact
  ok    compress-worklet DETECT == detectNames()             5 strings, exact
  ok    compress-worklet FRONT == frontNames()               4 strings, exact
  ok    compress-worklet BACK == backNames()                 8 strings, exact
  ok    compress-worklet DROPS == dropdownNames()            2 strings, exact
  ok    compress-worklet PILL and DEVICE == the header       Compress / Auto
  ok    ott-worklet TYPES == typeNames()                     8 strings, exact
  ok    ott-worklet CHARS == charNames()                     64 strings, exact
  ok    ott-worklet STEREO == stereoNames()                  3 strings, exact
  ok    ott-worklet FRONT == frontNames()                    4 strings, exact
  ok    ott-worklet BACK == backNames()                      8 strings, exact
  ok    ott-worklet DROPS == dropdownNames()                 2 strings, exact
  ok    ott-worklet PILL and DEVICE == the header            OTT / Crest
  ok    every published label appears VERBATIM in ROSTER.md  all 184 of them
  ok    ROSTER.md: every Type has its own row and every Character is IN IT, IN ORDER 16 Type rows × 8 Characters, ordered subsequence, both devices
  ok    ROSTER.md: no Character appears under the WRONG Type 0 cross-row appearances over 16 rows
  ok    the retired-label table was PARSED from RENAMES.md, not typed 12 rename rows from the COMPRESS and OTT tables
  ok    every NEW name in the table is actually published by the engine all 12 applied
  ok    no RETIRED label survives as a LABEL downstream (ROSTER.md + both worklets) 12 retired strings vs 494 downstream label tokens, 0 hits
  ok    the re-published exemption list is exactly 1 entry, and it is a ruling Auto — RENAMES.md fb423 §SANCTIONED — retired as `Detect` option 0 (it doubled the pill INSIDE one card), KEPT as the front pill itself
  ok    the CUT-Character list is exactly 2 and none survives RMS Ears · Spike Ears — RENAMES.md COMPRESS prose (`detForce` removed, both renamed)
  ok    out-of-range Type/Character clamps, never reads past index 99 → last row, index −5 → first row

[2. Control numbers — the same metrics through a bypassed engine (§3.1)]
  ·     Compress at Push 0 / Ratio 0: level Δ               +0.0000 dB
  ·     Compress at Push 0 / Ratio 0: spec dist              0.0000 dB  ← the FLOOR of every
  ok    Compress default-off path is bit-transparent         level +0.0000 dB, spectrum 0.0000 dB
  ·     OTT at Amount 0: level Δ (makeup is still on)       -0.017 dB
  ·     OTT at Amount 0: spectrum vs raw dry                 0.003 dB
  ·     click detector baseline on a clean chord             max |Δx| = 0.34202
  ok    air metric is calibrated (broadband +8.000 dB)       reads +8.0000 dB
  ok    spectrum is CALIBRATED: a −26.02 dBFS sine reads its own level reads -26.022 dBFS (true -26.021)
  ok    ... and a −26.02 dBFS white noise bed reads its own level too reads -26.032 dBFS (true -26.021)
  ok    air metric is band-selective (a 10 kHz tone moves it) dark -78.1 dBFS → +10 kHz tone -75.0 dBFS (Δ +3.02)
  ·         dark pad: programme level                        -20.0 dBFS RMS
  ·         dark pad: 8-12 kHz content                       -78.1 dBFS = 58.1 dB under the programme
  ok    the air band is AUDIBLE CONTENT before anything lifts it 58.1 dB under the programme (bar 60). The first draft's 4-pole/600 Hz pad put it 114 dB down — a ratio nobody can hear (fb417).

[3. COMPRESS — roster, defaults, and the per-Type discriminator]
  ok    defaults: level within ±2 dB of bypass              -0.85 dB
  ok    defaults: the device is audibly WORKING              GR 6.86 dB at the default Push 0.30 (bar 3)
  ·     defaults: attack / release                           10.08 ms / 251 ms
      Type       GR dB  atk ms   rel ms  crest   THD%  slope   knee     DRR   up40   adapt
      Exact      21.01     5.2       34   0.00   8.68  0.003   14.8   0.510   0.00    1.00
      Bus        23.38     0.6     1429   0.04   0.94 -0.012    8.5   0.443   0.00    8.85
      FET 76     15.25     0.1       76   0.32   2.52 -0.062    6.4   0.447   0.00    1.00
      Opto       11.54     7.8      123  -2.57   0.14 -0.012   10.4   0.526   0.06    1.02
      Vari-Mu    16.93     2.4      611  -2.94   3.04 -0.089    8.6   0.518   0.06    0.89
      OverEasy   22.11    12.0      181  -0.04   1.07 -1.034   12.7   0.444   0.00    1.00
      Ride       19.40    10.2      109  -0.03   0.28 -0.017    2.4   0.228 -10.19    1.00
      Limit      32.76     0.8       62   0.59   0.18 -0.018    4.4   0.410  -0.00    1.00
  ok    Exact: textbook slope at ∞:1 (flat above T)        measured output slope 0.003 dB/dB
  ok    Bus: release ADAPTS to programme (dual pool)         long-ride release / short-tap release = 8.85×
  ok    FET 76: attack in MICROSECONDS                       0.12 ms to 63 % GR (Exact reads 5.2 ms)
  ok    Opto: a SECOND, slower release constant survives     17.0 % of peak GR still present at 5τ (Exact 1.4 %)
  ok    Vari-Mu: the curve STEEPENS with drive               realised GR/dB 0.729 vs Exact 0.643
  ok    OverEasy: the knee is WIDE                           12.7 dB of knee (Exact 14.8 dB)
  ok    Ride: a −40 dBp probe comes out LOUDER             +10.19 dB of gain on quiet material
  ok    Limit: peak overshoot above its own ceiling ≤ 3 dB Limit +0.94 dB over the ceiling; Exact at the same knobs +4.92 dB
  ·         the documented price of ZERO lookahead           +0.94 dB of eaten overshoot
  ok    OverEasy `Anti`: +6 dB IN gives LESS OUT             -6.02 dB out for +6 dB in — the swallow

[3b. COMPRESS — cross-type distinctness (every pair, phase-independent)]
  ok    closest Type pair still ≥ 3× JND                  5.80× JND  (Opto / Vari-Mu)

[3c. COMPRESS — every Character re-wires physics (R6)]
  ok    every Character ≥ 2× JND from its Type's default  weakest 2.03× JND  (Limit · Soft Ceiling)

[4. COMPRESS — every knob 0→100 (law 1: monotonic, night-and-day)]
  ok      Attack (P1) — how much of the transient escapes  first-30 ms peak -45.2 dBFS at 0.05 ms → -12.8 dBFS at 300 ms (span 32.5)
  ok      Round (P3) — GR on a probe sitting ON the threshold 0.00 → 3.40 dB of GR (span 3.40) · published curve bends over 42 dB vs 0
  ok      Edge (P5) — how much of the attack survives, −100 → +100 first-30 ms peak -36.02 → -16.84 dBFS (span 19.18)
  ok      Push (front 1)                                     span 39.46 · monotone ↑
  ok      Ratio (front 2)                                    span 32.95 · monotone ↑
  ok      Lift (front 3)                                     span 24.00 · monotone ↑
  ok      Release (P2) — via added THD on 80 Hz            span 11.39 · monotone ↓
  ok      Hear Cut (P4) — via GR on a bass chord           span 7.24 · monotone ↓
  ok      Cling (P6) — via GR on a pluck                   span 9.05 · monotone ↑
  ok      Burn (P8) — via added THD                        span 32.37 · monotone ↑
  ok      Ride: Ratio lifts a quiet probe                    span 6.20 · monotone ↑
  ok      Tie (P7) — measured on an UNBALANCED stereo probe L−R balance: Tie 100 % = +16.90 dB, Tie 0 = +8.17 dB (Δ 8.73)

[4b. COMPRESS — the R11 ceiling gate (a polite maximum is a failed device)]
  ok    (a) 48 dB staircase → ≤ 5 % survives at Push/Ratio 100 DRR 0.0188  (bypassed control 1.0000)
  ok    (b) attack reaches the MICROSECOND decade            FET 76 at Attack 0 = 21 µs
  ·         release floor, feedforward Types                 5.0 ms
  ok    (c) the compressor becomes a WAVESHAPER at the top   THD 13.3 % on 80 Hz  (bypassed control 0.126 %)
  ok        crest factor collapses toward a sine (≤ 7 dB out) 9.25 → 6.15 dB (a sine is 3.01; Δ 3.10)

[4c. COMPRESS — Mix 100 % = fully wet, zero dry (law 3)]
  ok    Mix 0 output is the UNTOUCHED input                  -260.0 dB residual
  ok    the crossfade is EXACTLY linear in Mix               -144.2 dB deviation at Mix 0.5
  ok    ⇒ dry residual at Mix 1.0                          (1 − mix)·dry = 0 identically; measured floor -144.2 dB (bar −60)

[4c2. COMPRESS — `Detect` owns detection outright (R6 / fb418 / fb373)]
  ok    no Character changes the rectifier at any Detect setting 8 Types × 8 Characters × 4 explicit Detect settings = 256 checks
  ok      ... and at `Native` the TYPE decides it, still not the Character 0 Characters disagreed with their Type's native ears
  ok      ... and the axis it owns is audible (Peak vs Average on a pluck) 1.21 dB of envelope-spread difference

[4c3. COMPRESS — the ballistic state survives a smoother-shape change]
  ok    GR is continuous across all 64 Type changes (≤ 2 dB in the first 0.17 ms) worst 0.35 dB  (OverEasy → Limit)
  ok    GR is continuous across all 448 Character changes    worst 0.05 dB  (Bus: Pump Bus → Fast City)

[4c4. COMPRESS — the GAIN ELEMENT's CURVE is continuous, not just its LEVEL]
  ·       control: the SAME config either side of the switch 0.00 dB of curvature
  ok    the gain element's CURVATURE is continuous across all 56 Type changes worst 2.03 dB of curvature in 2 ms  (FET 76 → OverEasy)
  ok    ... and across all 448 Character changes             worst 4.36 dB  (Ride: Only Up → Fast Clamp)

[4d. COMPRESS — no clicks (law 4): ALL 8x8 Type and ALL 8x8 Character transitions]
  ok    all 64 Type transitions ≤ 2.0 dB of gain moved in 1 ms worst 1.21 dB/ms  (Ride → Limit)   [fb421 engine: 17.36]
  ok    all 448 Character transitions ≤ 2.0 dB of gain moved in 1 ms worst 1.32 dB/ms  (Limit: Porous → Loud War)   [fb421 engine: 16.26]
  ok      Push 0.3 → 0.9                                   0.03 dB/ms
  ok      Ratio 0.6 → 1.0 (∞:1)                          0.01 dB/ms
  ok      Lift 0 → +24 dB                                  0.87 dB/ms
  ok      Round 0.25 → 1.0                                 0.00 dB/ms
  ok      Hear Cut off → 500 Hz                            0.00 dB/ms
  ok      Tie 100 → 0                                      0.00 dB/ms
  ok      Burn 0 → 100                                     0.02 dB/ms
  ok      Edge 0.5 → 1.0                                   0.01 dB/ms
  ok      Cling 0 → 250 ms                                 1.10 dB/ms
  ok      Detect Native → Patient                          0.04 dB/ms
  ok      slow Push sweep adds no zipper hash                moving -79.5 dBc vs held -78.9 dBc (excess -0.59 dB, bar 6)

[4e. COMPRESS — mono-safe (law 5): folding to mono must not kill it]
  ok    every Type × Character survives a mono fold         weakest 17.13 dB of surviving change  (Exact · Blunt)

[4f. COMPRESS — 60 s of full-drive noise, every Type (no NaN, no blow-up)]
  ok    60 s × 8 Types at every extreme: no NaN, no growth  worst peak 9.61, worst 60 s growth +0.000 dB
  ok      FET 76 (feedback) on 2 s of silence                peak 0.00e+00
  ok      Opto (feedback) on 2 s of silence                  peak 0.00e+00
  ok      Vari-Mu (feedback) on 2 s of silence               peak 0.00e+00

[4g. COMPRESS — CPU and sample rates]
  ok    µs / 128-sample block @ 48 k, worst Type            12.11 µs (Opto) = 0.45 % of one core
  ·     realised attack / release at 48 kHz                  t63 attack 5.500 ms, t63 release 111.5 ms, settled GR 21.74 dB
  ok    44.1 kHz: REALISED t63 within 12 % of 48 kHz         attack 5.624 ms (+2.2 %), release 111.6 ms (+0.1 %), settled GR 21.74 dB vs 21.74
  ok    96.0 kHz: REALISED t63 within 12 % of 48 kHz         attack 5.500 ms (-0.0 %), release 111.5 ms (-0.0 %), settled GR 21.74 dB vs 21.74
  ok      44.1 kHz: finite and still engaging                GR 27.81 dB
  ok      96.0 kHz: finite and still engaging                GR 28.08 dB

[5. OTT — roster, unity, engage, and the per-Type discriminator]
  ·       unity, Over Top                                    -0.83 dB
  ·       unity, Gentle                                      +0.44 dB
  ·       unity, Heavy                                       -0.31 dB
  ·       unity, Sheen                                       -0.98 dB
  ·       unity, Bass Safe                                   -0.79 dB
  ·       unity, Surge                                       +0.03 dB
  ·       unity, Two Band                                    -0.21 dB
  ·       unity, Stagger                                     -1.02 dB
  ok    every Type lands within ±2 dB of bypass at defaults worst -1.02 dB  (Stagger)
  ·       Over Top at defaults, per-band signed GR           low +11.65  mid +13.72  high +10.81 dB
  ·       ... and the band levels it is reading              -27.1 / -15.0 / -26.7 dBFS
  ok    ENGAGE: ≥ 2 bands doing ≥ 3 dB on the chord      3 of 3 bands engaged (the anti-dead-port gate)
  ok    wet path − phase-matched dry NULLS at Amount 0     -132.7 dB  (the whole Mix law in one number; bar −55)
  ok    no comb notch at either crossover at Mix 50 %        worst 0.24 dB at 59 Hz (bar 1.0)
      Type         grLo  grMid   grHi    air   step   THD%  dynΔ   tail  cross   tilt tauLo/Hi
      Over Top    12.22  14.56  12.68  15.53   8.92   1.26  13.08  18.59   0.67   0.96  140.0
      Gentle      10.27   9.58   6.16  10.96  13.38   0.15   1.57  10.04   0.38   0.88    6.0
      Heavy       19.64  22.82  18.55  18.31   2.51   3.02  19.88  23.79   1.29   0.25    4.0
      Sheen       12.22  14.87   0.59  18.70   7.28   1.26  14.34  19.64   3.08   3.91  140.0
      Bass Safe    7.00  14.56  12.68  15.53   8.18   1.14  12.57  16.62   0.67   1.81  150.0
      Surge       -0.00   0.00  -0.00   3.91  18.81   0.64   0.18   5.64   0.37   1.76    8.0
      Two Band    13.67  12.53   0.00   9.24   7.53   1.08  14.27  19.35  17.75   1.06    1.0
      Stagger     12.23  14.56  11.48  12.90   8.62   1.08  12.29  15.86   1.11   3.32    5.0
  ok    Over Top: a 20 dB level step comes out ≤ 10 dB     8.92 dB out for a 20 dB step in
  ok      ... and a 30 dB step (which crosses BOTH thresholds) ≤ 12 dB 10.79 dB out for 30 dB in  (Amount 0 control: 30.01 dB)
  ok    Gentle: ripple THD far below Over Top's              0.15 % vs 1.26 %
  ok    Heavy: removes more dynamic range than Over Top      19.88 dB vs 13.08 dB of envelope spread removed
  ·       the honest air numbers (they are NOT the discriminator any more) Sheen +18.70 dB vs Over Top +15.53 dB on a dark pad
  ok    Sheen: 6 dB into a decay its high band LIFTS while Over Top's still CLAMPS signed high-band GR: Sheen -4.00 dB (lift), Over Top +6.68 dB (clamp)
  ok    Sheen: its high-band UPWARD knee sits at the PROGRAMME, Over Top's far below it net lift begins at -3 dB of input for Sheen, -18 dB for Over Top (15 dB apart, bar 9)
  ok    Bass Safe: manufactures far less bass grit           1.94 % THD on a settled 50 Hz tone, vs Over Top's 5.29 %
  ok    Surge: gain is NEVER negative (no downward at all)   signed GR -0.00 +0.00 -0.00 (all ≤ 0 = pure lift)
  ok    Surge: the pluck TAIL rises relative to its attack   +5.64 dB of tail-vs-attack lift (Over Top +18.59)
  ok    Two Band: cross-band ducking, which 3 bands cannot do a loud 500 Hz costs a quiet 5 kHz 17.75 dB (Over Top 0.67)
  ok    Stagger: the spectrum MORPHS through the note        +3.32 dB of EXTRA HF-vs-LF swing across the note (Over Top +0.96)

[5b. OTT — cross-type distinctness (every pair)]
  ok    closest Type pair still ≥ 3× JND                  6.03× JND  (Over Top / Bass Safe)

[5c. OTT — every Character re-wires physics (R6)]
  ok    every Character ≥ 2× JND from its Type's default  weakest 2.06× JND  (Bass Safe · Free Low)

[5d. OTT — the Stereo axis is a real topology swap, not a voicing]
  ok    Linked / Free Pair / Mid-Side give three different balances L−R balance: Linked +12.04 · Free Pair +0.77 · Mid-Side +9.70 dB

[6. OTT — every knob 0→100 (law 1)]
  ok      Low Cross (P1) — spectrum vs knob 0              4.64 dB of spectrum moved end-to-end · monotone
  ok      High Cross (P2) — spectrum vs knob 0             2.14 dB of spectrum moved end-to-end · monotone
  ok      Raise (P3) — the LATE TAIL of a decaying pluck   +15.72 → +23.23 dB of tail lift (span 7.50)
  ok      Grip (P5) — how deep the jaws sit (output level) +15.1 +12.9 +9.9 +6.4 +3.0 -0.5 -4.3 -8.2 -12.1 · monotone ↓
  ok      Amount (front 1) — dynamic range removed         0.00 → 17.41 (span 17.41) · monotone
  ok      Chase (front 2) — THD on 100 Hz                  0.21 → 14.98 (span 14.77) · monotone
  ok      Top Lift (front 3) — 8-12 kHz on a dark pad      12.63 → 26.43 (span 13.80) · monotone
  ok      Press (P4) — dynamic range removed               3.53 → 15.54 (span 12.01) · monotone
  ok      Bass (P6) — 40-85 Hz                             -10.49 → 10.91 (span 21.40) · monotone
  ok      Treble (P8) — 8-12 kHz                           -10.72 → 13.21 (span 23.93) · monotone
  ok      Mids (P7) — 300 Hz-1.5 kHz across the full sweep +23.57 dB (±12 dB nominal)

[6b. OTT — the R11 ceiling gate (past Ableton's fixed preset, not up to it)]
  ok    (a) Amount 100 leaves ≤ 65 % of what Amount 50 leaves probe 22.78 dB → 9.70 dB at Amount 50 (= the Ableton preset) → 5.38 dB at 100 (55 % of it)
  ok    (b) 46 dB staircase → ≤ 10 % survives at Amount 100 DRR 0.0742  (Amount 0 control 0.9988)
  ok    (c) a −65 dBFS bed is lifted into a WALL           +33.1 dB  (Amount 0 control +0.9 dB)
  ·     (d) makeup-only reference (a −110 dBFS bed)        comes out at -90.4 dBFS — the static makeup alone
  ok    (d) a REAL dithered -96 dBFS floor comes OUT at      -76.4 dBFS (+19.56 dB of lift)  ← must stay inaudible
  ok    (d) a REAL dithered -84 dBFS floor comes OUT at      -64.4 dBFS (+19.56 dB of lift)  ← must stay inaudible
  ok    (d) a REAL dithered -72 dBFS floor comes OUT at      -24.3 dBFS (+47.70 dB of lift)  ← must be lifted (R11)
  ·     (d) exact digital zeros in                           -280.0 dBFS out — ARITHMETIC, not evidence: the device is feed-forward, so this can never fail

[6c. OTT — no clicks (law 4): ALL 8x8 Type and ALL 8x8 Character transitions]
  ok    all 64 Type transitions ≤ 2.0 dB of gain moved in 1 ms worst 0.87 dB/ms  (Sheen → Two Band)   [fb421 engine: 5.97]
  ok      the CLIPPER switch Heavy → Sheen, at Amount 100 where it is working 0.40 dB/ms
  ok      ... and Band Clip → No Clip inside Heavy, same setting 0.69 dB/ms
  ok      the TREE SWAP Over Top → Two Band (3 bands → 2) 0.82 dB/ms   [fb421 engine: 5.95 — an instant dip_ = 0.0f]
  ok    all 448 Character transitions ≤ 2.0 dB of gain moved in 1 ms worst 1.39 dB/ms  (Over Top: Wide Corner → Long Ears)   [fb421 engine: 3.02]
  ok      Amount 0.5 → 1.0                                 0.17 dB/ms
  ok      Chase 0.5 → 1.0                                  1.58 dB/ms
  ok      Top Lift 0.25 → 1.0                              0.27 dB/ms
  ok      Low Cross 88 → 300 Hz                            0.01 dB/ms
  ok      Grip 0 → +18 dB                                  0.79 dB/ms
  ok      Treble 0 → +12 dB                                0.31 dB/ms
  ok      Stereo Linked → Mid-Side                         0.25 dB/ms
  ok      Stereo Linked → Free Pair                        0.02 dB/ms
  ok      Crest pill off → on                              0.00 dB/ms

[6d. OTT — mono-safe (law 5)]
  ok    every Type × Stereo mode survives a mono fold       weakest 4.37 dB of surviving change  (Heavy · Linked)

[6e. OTT — 60 s of full-drive noise, every Type]
  ok    60 s × 8 Types at every extreme: finite and bounded worst peak 0.542 (bar 40, NaN-free)
  ok    two OTTs in series still go silent (stacked floor gates) one device -280.0 dBFS, two -280.0 dBFS in the gap

[6f. OTT — CPU and sample rates]
  ok    µs / 128-sample block @ 48 k, worst Type            33.22 µs (Heavy) = 1.25 % of one core
  ok    44 kHz: same ballistics, still engaging              mid atk 1.40 ms (48 k: 1.40), 3 bands engaged
  ok    96 kHz: same ballistics, still engaging              mid atk 1.40 ms (48 k: 1.40), 2 bands engaged

[7. COMPRESS — LAW 1 ON THE FULL MATRIX: every control × 8 Types × 8 Characters]
      Push        64 cells:  0 dead ·  0 under 0.5 dB ·  0 ruled inert   weakest live 9.87 dB (Ride / Only Up)
      Ratio       64 cells:  0 dead ·  0 under 0.5 dB ·  1 ruled inert   weakest live 2.84 dB (Limit / Porous)
      Lift        64 cells:  0 dead ·  0 under 0.5 dB ·  0 ruled inert   weakest live 23.89 dB (Bus / Big Desk)
      Mix         64 cells:  0 dead ·  0 under 0.5 dB ·  0 ruled inert   weakest live 9.87 dB (Ride / Only Up)
      Attack      64 cells:  0 dead ·  0 under 0.5 dB ·  2 ruled inert   weakest live 0.73 dB (FET 76 / Loose Four)
      Release     64 cells:  0 dead ·  0 under 0.5 dB ·  3 ruled inert   weakest live 0.53 dB (Opto / Tired Cell)
      Round       64 cells:  0 dead ·  0 under 0.5 dB ·  2 ruled inert   weakest live 0.53 dB (Limit / Porous)
      Hear Cut    64 cells:  0 dead ·  0 under 0.5 dB ·  0 ruled inert   weakest live 1.61 dB (Opto / Bright Ears)
      Edge        64 cells:  0 dead ·  0 under 0.5 dB ·  0 ruled inert   weakest live 28.89 dB (Opto / Crystal)
      Cling       64 cells:  0 dead ·  0 under 0.5 dB ·  1 ruled inert   weakest live 1.06 dB (Limit / Springy)
      Tie         64 cells:  0 dead ·  0 under 0.5 dB · 17 ruled inert   weakest live 4.41 dB (Exact / Blunt)
      Burn        64 cells:  0 dead ·  0 under 0.5 dB ·  1 ruled inert   weakest live 3.20 dB (Limit / Porous)
      Auto        64 cells:  0 dead ·  0 under 0.5 dB ·  1 ruled inert   weakest live 6.69 dB (FET 76 / Broken Bias)
  ok    no control is BIT-IDENTICAL at 0 and 100 in any unruled cell 832 cells swept × 3 operating points, 0 dead
  ok    every unruled cell moves ≥ 0.5 dB end to end       832 cells, weakest live 0.53 dB  (Release @ Opto / Tired Cell)

[7b. COMPRESS — the R11 ceiling on EVERY Type (it was proven on Type 0 only)]
      Type           DRR     slope   bar, and the defence
      Exact       0.0188   -0.0097   DRR ≤ 0.05 — ∞:1 with the threshold 39 dB inside the programme
      Bus         0.0094   -0.0099   DRR ≤ 0.05 — ∞:1 with the threshold 39 dB inside the programme
      FET 76      0.0239   -0.0680   DRR ≤ 0.05 — ∞:1 with the threshold 39 dB inside the programme
      Opto        0.0298   -0.0101   DRR ≤ 0.05 — ∞:1 with the threshold 39 dB inside the programme
      Vari-Mu     0.0218   -0.0771   DRR ≤ 0.05 — ∞:1 with the threshold 39 dB inside the programme
      OverEasy    0.5344   +1.0000   slope -0.908 ≤ −0.5 — the negative zone (`Anti`)
      Ride        0.0206   -0.0101   DRR ≤ 0.05 — ∞:1 with the threshold 39 dB inside the programme
      Limit       0.0061   -0.0103   DRR ≤ 0.05 — ∞:1 with the threshold 39 dB inside the programme
  ok    every Type walls at Push/Ratio 100 (R11)             8 / 8 Types
  ok      the wall is the LAST 10 % only — FET 76 keeps its feedback curve below it DRR 0.4917 at Ratio 90 (the authentic 0.5 closed-loop slope) → 0.0239 at 100

[7c. COMPRESS — the `Detect` dropdown: every option distinct, on every cell (R6)]
  ok    every DISTINCT `Detect` pair is audible in every one of the 64 cells weakest 0.58 dB over 592 measured pairs  (Vari-Mu / Time Four: Native vs Average)
      48 of 640 pairs are the SAME rectifier by construction (`Native` aliases the Type's own ears)

[8. OTT — LAW 1 ON THE FULL MATRIX: every control × 8 Types × 8 Characters]
      Amount      64 cells:  0 dead ·  0 under 0.5 dB ·  0 ruled inert   weakest live 18.16 dB (Surge / Top Riser)
      Chase       64 cells:  0 dead ·  0 under 0.5 dB ·  0 ruled inert   weakest live 1.29 dB (Gentle / Barely There)
      Top Lift    64 cells:  0 dead ·  0 under 0.5 dB ·  0 ruled inert   weakest live 3.62 dB (Gentle / Barely There)
      Mix         64 cells:  0 dead ·  0 under 0.5 dB ·  0 ruled inert   weakest live 7.89 dB (Surge / Capped Riser)
      Low Cross   64 cells:  0 dead ·  0 under 0.5 dB ·  0 ruled inert   weakest live 1.82 dB (Gentle / Half Slopes)
      High Cross  64 cells:  0 dead ·  0 under 0.5 dB ·  8 ruled inert   weakest live 3.07 dB (Gentle / Soft Top)
      Raise       64 cells:  0 dead ·  0 under 0.5 dB ·  0 ruled inert   weakest live 1.61 dB (Gentle / Barely There)
      Press       64 cells:  0 dead ·  0 under 0.5 dB ·  8 ruled inert   weakest live 2.43 dB (Gentle / Barely There)
      Grip        64 cells:  0 dead ·  0 under 0.5 dB ·  0 ruled inert   weakest live 9.76 dB (Gentle / Barely There)
      Bass        64 cells:  0 dead ·  0 under 0.5 dB ·  0 ruled inert   weakest live 2.75 dB (Heavy / Wall Ears)
      Mids        64 cells:  0 dead ·  0 under 0.5 dB ·  0 ruled inert   weakest live 13.21 dB (Two Band / High Split)
      Treble      64 cells:  0 dead ·  0 under 0.5 dB ·  8 ruled inert   weakest live 7.15 dB (Heavy / Wall Ears)
      Crest       64 cells:  0 dead ·  0 under 0.5 dB ·  1 ruled inert   weakest live 0.61 dB (Heavy / Peak Grab)
  ok    no control is BIT-IDENTICAL at 0 and 100 in any unruled cell 832 cells swept × 3 operating points, 0 dead
  ok    every unruled cell moves ≥ 0.5 dB end to end       832 cells, weakest live 0.61 dB  (Crest @ Heavy / Peak Grab)

[8a2. OTT — the `Stereo` dropdown: every option distinct, on every cell (R6)]
  ok    every `Stereo` pair is audible in every one of the 64 cells weakest 5.07 dB over 192 pairs  (Two Band / Slow Pair: Free Pair vs Mid-Side)

[8b. OTT — Mix 100 % = fully wet, zero dry (LAW 3 · CONTRACT §5)]
  ok    Mix 0 is the DRY path on every Type (the allpassed input, not the effect) worst 0.030 dB from the input (bar 0.35)  (Over Top)
  ok    the Mix crossfade is EXACTLY linear on every Type    worst deviation at Mix 0.5 = -146.9 dB (bar −100)  (Surge)
  ok    ⇒ dry residual at Mix 1.0 is (1 − mix)·dry = 0 identically measured floor -146.9 dB, bar −60
  ok    Mix travels monotonically dry→wet on every Type    smallest end-to-end travel 2.40 dB (bar 2.0)  (Gentle)

[8c. OTT — the R11 ceiling on EVERY Type (it was proven on Type 0 only)]
  ·     the tremolo probe's own envelope spread              22.78 dB
      Type        survive     DRR    spread@50   spread@100   +Chase 100
      Over Top     3.05 dB  0.0848         9.70         5.38         0.94   
      Gentle       3.68 dB  0.1025        21.22        20.48         8.58   
      Heavy        2.30 dB  0.0641         2.91         3.09         0.51   
      Sheen        2.97 dB  0.0825         8.44         4.67         1.22   
      Bass Safe    1.03 dB  0.0286        10.21         6.01         1.24   
      Surge        3.51 dB  0.0977        22.60        11.97         0.95   
      Two Band     1.15 dB  0.0321         8.51         4.80         1.00   
      Stagger      3.20 dB  0.0889        10.49         6.06         1.48   
  ok    every Type walls at Amount 100 (R11): static AND dynamic 8 / 8 Types

[8d. OTT — `Amount` 0 is NEUTRAL and the knob runs FORWARDS, on every cell]
  ·     the probe through a BYPASSED engine (the control number) THD 0.004 %, peak 0.2121
      Type                   0 %     25 %     50 %     75 %    100 %
      Over Top   THD       0.00%    0.21%    0.47%    0.49%    0.52%
                 peak     0.2607   0.2892   0.3954   0.4429   0.4761
      Gentle     THD       0.00%    0.00%    0.01%    0.01%    0.02%
                 peak     0.2607   0.3818   0.7739   1.7046   2.8974
      Heavy      THD       0.00%    0.99%    2.31%    2.34%    2.34%
                 peak     0.2607   0.2884   0.4266   0.6242   0.6779
      Sheen      THD       0.00%    0.21%    0.48%    0.49%    0.51%
                 peak     0.2607   0.2813   0.4261   0.4229   0.3882
      Bass Safe  THD       0.00%    0.21%    0.46%    0.49%    0.50%
                 peak     0.2607   0.2900   0.3954   0.4429   0.4761
      Surge      THD       0.00%    0.00%    0.01%    0.14%    0.26%
                 peak     0.2607   0.2607   0.2608   0.1356   0.1313
      Two Band   THD       0.00%    0.20%    0.54%    0.62%    0.67%
                 peak     0.2130   0.2603   0.4455   0.5907   0.5641
      Stagger    THD       0.00%    0.20%    0.44%    0.46%    0.48%
                 peak     0.2607   0.3043   0.4043   0.4293   0.5163
  ok    Amount 0 is neutral and the knob runs forwards, all 64 cells 64 cells × 5 settings; THD at Amount 0 ≤ 0.5 % everywhere

[8e. OTT — sample rate, measured off the AUDIO (the old gate compared a constant to itself)]
  ·     the 48 kHz gain trajectory this is compared against  2500 points at 1 ms, spanning -15.53 … +23.11 dB of gain
  ok      ... and it MOVES (a flat trace would make the comparison vacuous) 38.63 dB of travel (bar 6)
  ·     48 kHz ramp areas (∝ the realised time constants)  attack 470 dB·ms, release 8389 dB·ms
  ok      ... and both ramps have real area (a flat one would be vacuous) 470 / 8389 dB·ms (bar 200)
  ok    44.1 kHz: the REALISED ballistics match 48 kHz       attack area 483 dB·ms (+2.7 %), release area 8401 dB·ms (+0.1 %)  (bar 12 %)
  ok    96.0 kHz: the REALISED ballistics match 48 kHz       attack area 468 dB·ms (-0.4 %), release area 8384 dB·ms (-0.1 %)  (bar 12 %)

[9. The KNOWN-INERT ROSTER — asserted size, checked in BOTH directions]
  ok    the known-inert roster is exactly the size it declares 18 rows = 13 INERT + 5 NARROW
  ok    every row was REACHED by the matrix (no stale rulings) all 18 rows matched a real cell
  ok    the matrix actually ran (a roster over an empty sweep is the fb392 stub) 1664 cell-measurements
      Compress  INERT  Ratio       OverEasy   Anti          `Anti` sets slopeMul = slopeCap = slopeFloor = 2: the dbx Infinity+ NEGATIVE zone at a LOCKED slope. The Character IS a ratio.
      Compress  INERT  Round       OverEasy   Hard 160      kneeAdd = -24 puts the whole 6...24 dB knee window below zero. `Hard 160` IS the hard-knee Character (the dbx 160's own curve).
      Compress  INERT  Round       Ride       Only Up       F_UPONLY switches the DOWNWARD computer off; `Round` is the downward knee. `liftUp` is hard-knee by construction (bible SS3.6).
      Compress  INERT  Cling       Ride       Only Up       `Cling` freezes the downward clamp before release runs. With the downward computer off there is no clamp to freeze.
      Compress  INERT  Burn        Ride       Only Up       fb419 law: the gain element's drive is scaled by CURRENT gain reduction, so no reduction = bit-clean at any Burn. `Only Up` produces none.
      Compress  INERT  Tie         Bus        *             linkForce = 1 on every Bus Character: the SSL bus law is ONE clamp for both sides, and an unlinked bus compressor is a different machine.
      Compress  INERT  Tie         Vari-Mu    Lateral       F_MSDET + linkForce 0: the detector basis is MID/SIDE, so `Tie` (an L/R link) has no axis to act on.
      Compress  INERT  Tie         Limit      *             linkForce = 1 on every Limit Character: a limiter that unlinks moves the stereo image on every peak. Linked is what a ceiling means.
      Compress  INERT  Auto        Limit      Loud War      F_AUTOFULL forces 100 % auto makeup on. The pill can only turn on what the Character has already turned on.
      Compress  NARROW Attack      FET 76     Twenty Lock   atkMul 0.15 collapses FET's 0.02...0.8 ms window onto 0.003...0.12 ms; at 48 kHz the ONE-SAMPLE floor is 0.0208 ms, so the whole knob is 1...6 samples.
      Compress  NARROW Attack      Limit      Hard Stop     atkMul 0.02 on 0.1...5 ms = 0.002...0.1 ms = 0.1...4.8 samples at 48 kHz. Same one-sample floor; the Character IS `Hard Stop`.
      Compress  NARROW Release     Opto       Even Pools    F_EVENPOOL moves the T4 pool mix to 0.28, so the Release knob (the FAST pool) sets 28 % of the gain and the 10 s memory integrator sets the rest.
      Compress  NARROW Release     Vari-Mu    Time Four     relLoW 7.5 / relHiW 0.6 put the window at 1.5...15 SECONDS. Both ends outlast every probe in this file; the difference arrives after the programme has ended.
      Compress  NARROW Release     Vari-Mu    Long Haul     relMul 2.0 x relLoW 10 puts the window at 4...50 SECONDS. Measured on a 6 s probe, which is the longest here and still shorter than the knob.
      OTT       INERT  High Cross  Two Band   *             `Two Band` has nBands = 2 (ONE split at 650 Hz, which is its whole identity). There is no high crossover to move.
      OTT       INERT  Treble      Two Band   *             `Treble` trims band 3, and `Two Band` has two. Same roster fact as `High Cross`, one knob further along.
      OTT       INERT  Press       Surge      *             `Surge` is upward-ONLY by identity: ts.sdn = {0,0,0} and its makeups are 0. `Press` scales the DOWNWARD slope, which is zero on every Character here.
      OTT       INERT  Crest       Over Top   Full Crest    the Character sets upHold = 1, i.e. the transient hold is already ON. The pill cannot turn on what the Character has turned on.

[K. Self-check — can these gates actually fail?]
  ok    (self-check) the click metric reads a PLANTED +8.000 dB step as 8.00 reads 8.0000 dB/ms
  ok    (self-check) ... and reads 0.0000 when nothing changed reads 0.000000 dB/ms
  ok    (self-check) ... and its pre-switch region is EXACTLY zero, not merely small A→A over 1.2 s of programme: 0.000000
  ok    (self-check) specDist reads a planted broadband +9.000 dB 9.000 dB
  ok    (self-check) ... and reads 0 against itself          0.00e+00 dB
  ok    (self-check) envSpread sees a planted 24 dB tremolo and not a flat tone tremolo 22.78 dB, flat 1.32 dB
  ok    (self-check) drRatio reads 1 for a bypass and ~0 for a planted perfect limiter bypass 1.0000, pinned 0.0044
  ok    (self-check) the floor-gate bed is REAL noise, not digital zeros 0 exact zeros in 48000 samples, level -96.00 dBFS
  ok    (self-check) the air probe has air in it             8-12 kHz -78.1 dBFS = 58.1 dB under the programme
  ok    (self-check) the curvature metric IGNORES a planted +6.02 dB pure gain step reads 0.204 dB
  ·       ... the leak at ENGINE-LIKE drive (H3 ~ -20 dBc), for the same pure gain step 2.12 dB — the systematic 4c4's 6 dB bar has to clear
  ok    (self-check) ... and REPORTS a planted x4 curvature change at constant gain reads 11.84 dB (x4 = 12.04 dB exactly)

  Engine mutation (FIXES.md §0) is a separate binary — see MUTATION.md,
  produced by `python3 mutate.py`. It deletes one mechanism from a COPY of the
  engine, rebuilds this cert against it, and requires the named gate to go RED.

════════════════════════════════════════════════════════════════════════
  PASS 194   FAIL 0
════════════════════════════════════════════════════════════════════════

CERT_EXIT=0
