
══ TERRAIN CHORUS FX — certification ══   bus program -26 dBFS, fs 48000 Hz
   8 Types x 8 Characters, 12 params (Rate Depth Feedback Mix + 8 back)

[A. Unity, the Mix law, and zero latency]
  ok    Mix 0 is bit-transparent                                 worst sample delta 0.000e+00
  ok    Mix 0 stays transparent with Low Keep engaged            worst sample delta 0.000e+00
  ok    Mix 100% leaks no dry: Vintage                           -142.4 dB in the pre-wet window
  ok    Mix 100% leaks no dry: June                              -142.4 dB in the pre-wet window
  ok    Mix 100% leaks no dry: Pedal                             -142.4 dB in the pre-wet window
  ok    Mix 100% leaks no dry: Trio                              -142.4 dB in the pre-wet window
  ok    Mix 100% leaks no dry: Ensemble                          -142.4 dB in the pre-wet window
  ok    Mix 100% leaks no dry: Micro                             -142.4 dB in the pre-wet window
  ok    Mix 100% leaks no dry: Wow                               -142.4 dB in the pre-wet window
  ok    Mix 100% leaks no dry: Dark                              -142.4 dB in the pre-wet window
  ok    unity-through at Mix 100% on every Type (+-1.0 dB)       worst -0.80 dB (Ensemble)
  ok    default Mix 35% sits within +-1.0 dB of bypass           -0.50 dB

[B. R7 — the legacy antiphase claim, verified rather than quoted]
  ok    legacy pi offset washes out at 0.40 Hz                   in phase after 18.27 s (predicted 17.86 s)
  ok    legacy pi offset washes out at 1.13 Hz                   in phase after 6.17 s (predicted 6.32 s)
  ok    legacy pi offset washes out at 1.50 Hz                   in phase after 4.69 s (predicted 4.76 s)
  ok    Vintage's stereo image ROTATES (the legacy 1.07 skew)    corr mean -0.05, drift sigma 0.198
  ok    Vintage/Locked holds still (the honest antiphase)        corr mean -0.15, drift sigma 0.006

[C. Every Type's own discriminator (law 2)]
  ok    Vintage: the stereo image ROTATES (no other Type's does) corr drift sigma 0.221 vs next best 0.135
  ok    June: antiphase pair (audio L/R correlation collapses)   audio corr -0.136, d(t) topology -1.000
  ok    Pedal: CO-PHASE — the two reads move TOGETHER          d(t) L/R correlation +1.000 (gate > +0.90)
  ok       ... where June's move in OPPOSITION                   June d(t) L/R correlation -1.000 (gate < -0.90)
  ok    Trio: centre-anchored — best mono survival of the LFO Types mono sum -3.03 dB vs June -3.65 dB
  ok    Ensemble: TWO simultaneous modulation rates in d(t)      lines at 0.54 Hz and 6.30 Hz, 2nd/1st = 0.152
  ok       ... strongest second rate of every periodic Type      next best periodic Type 0.082
  ok    Micro: a CONSTANT steady-state pitch offset              L shifted +6.02 cents
  ok       ... and every other Type stays on pitch (< 3 c)       worst other 1.41 cents — Dark's tracked LP couples brightness to the sweep
  ok    Wow: d(t) is the LEAST periodic of the roster            d(t) periodicity 0.773 vs best LFO Type 1.000
  ok       ... and its glide is ASYMMETRIC (sag fast, recover slow) d(t) skew +0.340 vs worst symmetric Type 0.155
  ok    Dark: the STEEPEST reconstruction chain in the roster (3-pole BBD) 11.7 dB/oct vs next steepest 9.2 (Micro)
        note: the bible's Dark discriminator (cutoff tracks d(t) so brightness breathes)
              measured RED — June 7.48 dB vs Dark 7.33 dB at matched geometry. See FINDINGS.

[D. CROSS-TYPE DISTINCTNESS MATRIX  (1.00 = one JND unit; gate 1.00)]
         Vintage    June   Pedal    TrioEnsemble   Micro     Wow    Dark
  Vintag       .    5.12    6.29    6.19    4.92    5.74    3.12    5.93
  June      5.12       .   10.00   10.00    5.12    5.81    4.62    3.86
  Pedal     6.29   10.00       .    6.19   10.00    5.60    6.79   10.00
  Trio      6.19   10.00    6.19       .   10.00    5.75    5.56   10.00
  Ensemb    4.92    5.12   10.00   10.00       .    5.81    4.49    5.27
  Micro     5.74    5.81    5.60    5.75    5.81       .    3.42    5.81
  Wow       3.12    4.62    6.79    5.56    4.49    3.42       .    5.45
  Dark      5.93    3.86   10.00   10.00    5.27    5.81    5.45       .
  ok    every Type pair is distinguishable (worst pair >= 1.00)  closest pair 3.12 = Vintage/Wow (separated by d(t) 2-rate)
        axes: mono spec /3 dB · side spec /4 dB · L/R corr /0.15 · corr drift /0.07
              centroid mod /0.10 · spec flux /0.60 dB · d(t) period /0.15 · d(t) 2-rate /0.15
              pitch offset /2 cents · d(t) L/R topology /0.20

        Type       corr   drift  centMod  flux  dPeriod  d2rate  dSkew  d(t)L/R   cents  mono/L
        Vintage    -0.04  0.221   x1.53  4.66    1.000   0.039  -0.03   -0.017   +0.09   -3.26 dB
        June       -0.14  0.042   x1.36  3.68    0.996   0.082  -0.03   -1.000   +1.03   -3.65 dB
        Pedal      -0.07  0.003   x1.37  3.52    0.994   0.061  +0.07   +1.000   +0.02   -3.31 dB
        Trio       -0.01  0.028   x1.85  4.63    0.999   0.038  -0.15   +1.000   -1.10   -3.03 dB
        Ensemble   +0.63  0.009   x1.60  4.88    0.999   0.152  -0.00   -1.000   -1.41   -0.89 dB
        Micro      -0.11  0.032   x1.44  4.77    0.913   0.900  -0.32   +0.163   +6.02   -3.53 dB
        Wow        +0.25  0.135   x1.37  4.64    0.773   0.507  +0.34   -0.113   +0.48   -2.05 dB
        Dark       -0.09  0.007   x1.40  3.36    0.997   0.062  -0.01   -1.000   +1.18   -3.44 dB

[E. Every param evolves 0 -> 100, monotonic and dramatic (law 1)]
  ok    Rate 0->100 sweeps the modulation rate, monotonic        d(t) line Hz: 0.044 0.195 0.904 4.099 18.578 
  ok    Depth 0->100 opens the excursion, monotonic              d(t) peak-to-peak ms: 0.00 1.42 2.84 12.79 28.41 
  ok       ... and the comb MOVES with it (HF-ratio excursion)   HF-ratio excursion 1.70 -> 4.82 dB
  ok    Feedback 0->100 deepens the comb, monotonic              wet comb peak-to-valley dB: 28.1 29.1 31.8 38.7 40.9 
  ok    Mix 0->100 brings the wet in, monotonic                  side/L dB: -260.0 -10.6 -5.3 -3.0 -2.5 
  ok    Time 0->100 lengthens the delay, monotonic (1 -> 12 ms on June) measured delay ms: 1.00 1.85 3.46 6.46 12.00 
  ok    Detune 0->100 splits the pitch, monotonic to ~50 cents   L offset cents: -0.0 12.3 24.6 38.4 51.1 
  ok       ... and the split is symmetric (L up, R down)         L +24.65 c, R -24.67 c
  ok    Width 0->100 opens the stereo field, monotonic           side/mid dB: -260.0 -7.9 -1.9 1.6 4.1 
  ok       ... and Width 0 is MONO, never SILENT (the pure-side trap) mid RMS 0.0334 vs dry 0.0499
  ok    Wide pill reaches PAST the Width knob's ceiling (>= 2 dB) side/mid 4.12 dB -> 8.33 dB
  ok       ... and the centre survives it (never a pure-side wet) mid RMS 0.0334 vs dry 0.0499
  ok    Flutter 0->100 adds the fast bank, monotonic             d(t) peak-to-peak ms (LFO off): 0.000 0.330 0.660 1.000 
  ok       ... and it is HIGH-rate energy, not more of the same  d(t) energy above 3 Hz 0.019 -> 0.206
  ok    Drift 0->100 wanders further, monotonic                  d(t) peak-to-peak ms (LFO off): 0.00 1.18 2.30 3.02 
  ok    Colour 0->100 opens the top, monotonic                   HF ratio dB: -32.7 -29.3 -26.8 -25.3 -24.5 
  ok       ... and it is PHYSICS not EQ (the BBD poly comes off too) THD dB: -29 -31 -34 -39 -46 
  ok    Low Keep 0->100 pulls the bass out of the WET, monotonic wet side @90 Hz dB: -64.2 -67.3 -76.4 -87.6 
  ok       ... and at Mix 100% the bass SURVIVES, dry and centred mono @90 Hz: -55.7 dB (Keep off) -> -54.2 dB (Keep max), dry -55.0 dB
  ok    Phase 0->180 rotates mono-thick to antiphase-wide, monotonic L/R correlation: +0.84 +0.13 -0.11 -0.13 

[F. Per-Type knob liveness — the 8 x 12 cell sweep (law 1, no dead knobs)]
        cell = max(mono-spec dB, side-spec dB, 40*|dCorr|, 25*|dCentMod|, 6*|dFlux|); gate 1.5
                     Rate   Depth  Feedbk     Mix    Time  Detune   Width Flutter   Drift  Colour LowKeep   Phase
        Vintage     10.80   25.68   12.52  207.83    8.10   28.20  210.93    9.96   10.25   16.81   31.74   19.77
        June        12.72   28.25   19.41  200.43    7.39   24.00  203.53    7.86   10.44   16.10   32.19   22.81
        Pedal        8.08   14.52   13.16  200.62    6.58   24.78  203.72   10.84   24.78   15.67   29.11   73.04
        Trio         7.15   16.34   12.42  204.41    9.48   23.85  207.51    8.03   10.67   15.93   33.73   22.39
        Ensemble     7.81   30.01    9.91  196.56   15.32   23.53  199.66    8.84   13.63   16.55   25.35   64.52
        Micro       13.80   10.93    8.23  207.30    7.74   23.54  210.40    8.61   11.06   12.32   32.76   11.56
        Wow          9.45   19.47   20.89  198.09   11.29   27.03  201.18    8.94   10.35   15.80   28.21    7.83
        Dark        14.50   20.07   18.79  203.13   11.40   24.39  206.23    8.56    8.48   37.06   31.35   20.86
  ok    no dead (Type x knob) cell in the 96-cell matrix         weakest Pedal/Time = 6.58

[G. Characters change PHYSICS, not EQ (R4 / the fb345 law)]
  ok    all 8 Characters differ: Vintage                         closest pair 5.37 = Classic/Hiss
  ok    all 8 Characters differ: June                            closest pair 5.45 = I/Manual
  ok    all 8 Characters differ: Pedal                           closest pair 3.26 = Chorus/Warm
  ok    all 8 Characters differ: Trio                            closest pair 5.27 = Preset/Rack 86
  ok    all 8 Characters differ: Ensemble                        closest pair 5.33 = Solina/Dark Wine
  ok    all 8 Characters differ: Micro                           closest pair 4.47 = Studio I/Tape Head
  ok    all 8 Characters differ: Wow                             closest pair 4.90 = Cassette/Vinyl 33
  ok    all 8 Characters differ: Dark                            closest pair 4.53 = Standard/Hissy
        closest Character pair in the whole 64-row roster: Pedal Chorus/Warm (3.26)
  ok    no Character is a secret volume knob (spread < 1.5 dB)   worst spread 1.28 dB (Dark)

[H. MONO-SUM behaviour — per Type and per Character (law 5)]
        Type       mono/L dB   ripple vs dry dB   (Mix 50, Depth 60, Width 70)
        Vintage      -0.73         8.79
        June         -0.65        10.38
        Pedal        -0.53         8.64
        Trio         -0.61        12.74
        Ensemble     -0.28        12.89
        Micro        -0.89         5.17
        Wow          -0.59        11.45
        Dark         -0.78        12.65
  ok    no Type cancels on a mono fold-down (> -6 dB)            worst -0.89 dB (Micro)
  ok    no UNFLAGGED Character cancels in mono (all 64 rows)     worst unflagged Pedal/Vibrato = -2.54 dB
  ok    Pedal/Wet Flip IS mono-hostile, and the badge says so    mono/L: -4.8 dB at Phase 180, -64.2 dB at Phase 0
  ok       ... and it is the ONLY badged row                     1 badged row of 64

[I. No clicks — every param swept under a sustained tone (law 4)]
  ok    no param sweep zippers on any Type (worst step < 6x program RMS) worst 0.25x (Vintage/Feedback)
  ok    Type swap mid-note never bangs (< +3 dB)                 worst +2.88 dB (Pedal->Trio)
  ok    Character swap mid-note never bangs (< +3 dB)            worst +2.36 dB (Pedal Grit->Slow Amp)

[J. Nothing free-runs, nothing blows up]
  ok    60 s at max Feedback stays finite on every Type          worst peak 0.174
  ok       ... and bounded (peak < 4.0)                          0.174
  ok    the feedback tail dies within 2 s of silence (< -60 dBFS) worst tail -200.0 dBFS ()
  ok    the hissiest Characters are SILENT on silence            worst idle -200.0 dBFS ()
  ok    no DC offset at grit 100% + Feedback 90%                 worst 0.1626% of program (Trio)

[K. Sample rates — 44.1 and 96 kHz]
  ok    44100 Hz: every Type finite and near unity               worst +1.26 dB (Vintage), 0 unstable
  ok    44100 Hz: the LFO runs at the right rate                 d(t) line at 1.923 Hz (expect 1.923)
  ok    44100 Hz: the delay is in ms, not samples                Time knob 0.5 = 3.469 ms (expect 3.464)
  ok    96000 Hz: every Type finite and near unity               worst +1.22 dB (Vintage), 0 unstable
  ok    96000 Hz: the LFO runs at the right rate                 d(t) line at 1.923 Hz (expect 1.923)
  ok    96000 Hz: the delay is in ms, not samples                Time knob 0.5 = 3.469 ms (expect 3.464)

[L. Tempo sync — identical divisions and labels in all three fx3 devices]
  ok    sync list resolves correctly (Free at index 0, 4 bar -> 1/256) 1/8=4.000 1/256=128.000 4 bar=0.125 Hz at 120 BPM
  ok       ... and the engine actually runs at the synced rate   1/8 at 120 BPM measured 4.008 Hz

[M. CPU — us per 128-sample block at 48 kHz, per Type]
        Type        Detune 0    Detune 60      % of one core (worst)
        Vintage      17.94 us     27.05 us      1.01 %
        June         17.85 us     26.82 us      1.01 %
        Pedal        21.68 us     30.93 us      1.16 %
        Trio         19.40 us     34.27 us      1.28 %
        Ensemble     23.39 us     37.78 us      1.42 %
        Micro        20.69 us     25.04 us      0.94 %
        Wow          23.59 us     33.35 us      1.25 %
        Dark         19.33 us     28.52 us      1.07 %
  ok    worst Type under 45 us/block (6 instances stay under 10 % of a core) worst 37.78 us (Ensemble), 6 instances = 8.5 % of a core

[N. Self-check — can these gates actually fail?]
  ok    (self-check) specDist sees an injected 9 dB              9.0 dB
  ok    (self-check) the click metric sees an injected click     20.0x program
  ok    (self-check) the pitch probe reads an injected +9.00 cents +8.98 cents
  ok    (self-check) the delay-lag probe reads an injected 5.00 ms 5.000 ms
  ok    (self-check) a Type is NOT distinguishable from itself   0.0000
  ok    (self-check) the periodicity probe separates a sine from a walk sine 1.000, random walk 0.148

  87 passed, 0 FAILED

